Archive member included to satisfy reference by file (symbol)

contiki-srf06-cc26xx.a(er-coap-engine.)
                              obj_srf06-cc26xx/res-hello.o (coap_rest_implementation)
contiki-srf06-cc26xx.a(er-coap-transac)
                              contiki-srf06-cc26xx.a(er-coap-engine.) (coap_register_as_transaction_handler)
contiki-srf06-cc26xx.a(er-coap-observe)
                              contiki-srf06-cc26xx.a(er-coap-transac) (coap_remove_observer_by_client)
contiki-srf06-cc26xx.a(er-coap-res-wel)
                              contiki-srf06-cc26xx.a(er-coap-engine.) (res_well_known_core)
contiki-srf06-cc26xx.a(er-coap-observe)
                              contiki-srf06-cc26xx.a(er-coap-engine.) (coap_handle_notification)
contiki-srf06-cc26xx.a(rest-engine.o)
                              obj_srf06-cc26xx/coap-server.o (rest_init_engine)
contiki-srf06-cc26xx.a(contiki-main.o)
                              obj_srf06-cc26xx/startup_gcc.o (main)
contiki-srf06-cc26xx.a(sensors.o)
                              contiki-srf06-cc26xx.a(contiki-main.o) (sensors_process)
contiki-srf06-cc26xx.a(leds.o)
                              obj_srf06-cc26xx/coap-server.o (leds_init)
contiki-srf06-cc26xx.a(board.o)
                              contiki-srf06-cc26xx.a(contiki-main.o) (board_init)
contiki-srf06-cc26xx.a(launchpad-senso)
                              contiki-srf06-cc26xx.a(sensors.o) (sensors_flags)
contiki-srf06-cc26xx.a(leds-arch.o)
                              contiki-srf06-cc26xx.a(leds.o) (leds_arch_init)
contiki-srf06-cc26xx.a(button-sensor.o)
                              contiki-srf06-cc26xx.a(launchpad-senso) (button_right_sensor)
contiki-srf06-cc26xx.a(ext-flash.o)
                              contiki-srf06-cc26xx.a(board.o) (ext_flash_init)
contiki-srf06-cc26xx.a(board-spi.o)
                              contiki-srf06-cc26xx.a(ext-flash.o) (board_spi_write)
contiki-srf06-cc26xx.a(clock.o)
                              contiki-srf06-cc26xx.a(contiki-main.o) (clock_init)
contiki-srf06-cc26xx.a(soc-rtc.o)
                              contiki-srf06-cc26xx.a(contiki-main.o) (soc_rtc_init)
contiki-srf06-cc26xx.a(contiki-watchdo)
                              contiki-srf06-cc26xx.a(contiki-main.o) (watchdog_init)
contiki-srf06-cc26xx.a(putchar.o)
                              main_core.co (putchar)
contiki-srf06-cc26xx.a(ieee-addr.o)
                              contiki-srf06-cc26xx.a(contiki-main.o) (ieee_addr_cpy_to)
contiki-srf06-cc26xx.a(cc26xx-uart.o)
                              contiki-srf06-cc26xx.a(contiki-main.o) (cc26xx_uart_init)
contiki-srf06-cc26xx.a(lpm.o)
                              contiki-srf06-cc26xx.a(button-sensor.o) (lpm_shutdown)
contiki-srf06-cc26xx.a(gpio-interrupt.)
                              contiki-srf06-cc26xx.a(button-sensor.o) (gpio_interrupt_register_handler)
contiki-srf06-cc26xx.a(oscillators.o)
                              contiki-srf06-cc26xx.a(contiki-main.o) (oscillators_select_lf_xosc)
contiki-srf06-cc26xx.a(ieee-mode.o)
                              contiki-srf06-cc26xx.a(contiki-main.o) (ieee_mode_driver)
contiki-srf06-cc26xx.a(random.o)
                              contiki-srf06-cc26xx.a(er-coap-transac) (random_rand)
contiki-srf06-cc26xx.a(soc-trng.o)
                              contiki-srf06-cc26xx.a(random.o) (soc_trng_rand_synchronous)
contiki-srf06-cc26xx.a(dbg-printf.o)
                              main_core.co (printf)
contiki-srf06-cc26xx.a(dbg-snprintf.o)
                              obj_srf06-cc26xx/snmp.o (snprintf)
contiki-srf06-cc26xx.a(dbg-sprintf.o)
                              main_core.co (sprintf)
contiki-srf06-cc26xx.a(strformat.o)
                              contiki-srf06-cc26xx.a(dbg-printf.o) (format_str_v)
contiki-srf06-cc26xx.a(autostart.o)
                              contiki-srf06-cc26xx.a(contiki-main.o) (autostart_start)
contiki-srf06-cc26xx.a(energest.o)
                              contiki-srf06-cc26xx.a(contiki-main.o) (energest_init)
contiki-srf06-cc26xx.a(ctimer.o)
                              contiki-srf06-cc26xx.a(contiki-main.o) (ctimer_init)
contiki-srf06-cc26xx.a(etimer.o)
                              contiki-srf06-cc26xx.a(clock.o) (etimer_request_poll)
contiki-srf06-cc26xx.a(process.o)
                              contiki-srf06-cc26xx.a(sensors.o) (process_alloc_event)
contiki-srf06-cc26xx.a(rtimer.o)
                              contiki-srf06-cc26xx.a(contiki-main.o) (rtimer_init)
contiki-srf06-cc26xx.a(timer.o)
                              contiki-srf06-cc26xx.a(button-sensor.o) (timer_set)
contiki-srf06-cc26xx.a(serial-line.o)
                              contiki-srf06-cc26xx.a(contiki-main.o) (serial_line_init)
contiki-srf06-cc26xx.a(list.o)
                              contiki-srf06-cc26xx.a(rest-engine.o) (list_init)
contiki-srf06-cc26xx.a(memb.o)
                              contiki-srf06-cc26xx.a(er-coap-transac) (memb_alloc)
contiki-srf06-cc26xx.a(ringbuf.o)
[...]
Memory Configuration

Name             Origin             Length             Attributes
FLASH            0x00000000         0x0001ffa8         xr
FLASH_CCFG       0x0001ffa8         0x00000058         xr
SRAM             0x20000000         0x00005000         xrw
GPRAM            0x11000000         0x00002000         xrw
*default*        0x00000000         0xffffffff

Linker script and memory map

LOAD obj_srf06-cc26xx/fault-handlers.o
LOAD obj_srf06-cc26xx/ccfg.o
LOAD obj_srf06-cc26xx/startup_gcc.o
LOAD main_core.co
LOAD obj_srf06-cc26xx/sha256.o
LOAD obj_srf06-cc26xx/mibii.o
LOAD obj_srf06-cc26xx/snmp.o
LOAD obj_srf06-cc26xx/snmp_asn1.o
LOAD obj_srf06-cc26xx/res-hello.o
LOAD obj_srf06-cc26xx/res-devices.o
LOAD obj_srf06-cc26xx/coap-server.o
LOAD contiki-srf06-cc26xx.a
LOAD /opt/gcc-arm-none-eabi-5_4-2016q2/bin/../lib/gcc/arm-none-eabi/5.4.1/../../../../arm-none-eabi/lib/armv7-m/libm.a
START GROUP
LOAD /opt/gcc-arm-none-eabi-5_4-2016q2/bin/../lib/gcc/arm-none-eabi/5.4.1/armv7-m/libgcc.a
LOAD /opt/gcc-arm-none-eabi-5_4-2016q2/bin/../lib/gcc/arm-none-eabi/5.4.1/../../../../arm-none-eabi/lib/armv7-m/libc.a
END GROUP
                0x20005000                _estack = (ORIGIN (SRAM) + LENGTH (SRAM))
                0x00000000                _Min_Heap_Size = 0x0
                0x00000100                _Min_Stack_Size = 0x100

.text           0x00000000    0x12b3d
                0x00000000                _text = .
 *(SORT(.vectors))
 .vectors       0x00000000       0xc8 obj_srf06-cc26xx/startup_gcc.o
                0x00000000                g_pfnVectors
 *(SORT(.text*))
 .text.__ieee754_pow
                0x000000c8      0xac4 /opt/gcc-arm-none-eabi-5_4-2016q2/bin/../lib/gcc/arm-none-eabi/5.4.1/../../../../arm-none-eabi/lib/armv7-m/libm.a(lib_a-e_pow.o)
                0x000000c8                __ieee754_pow
 *fill*         0x00000b8c        0x4 00000000
 .text.scalbn   0x00000b90       0xe4 /opt/gcc-arm-none-eabi-5_4-2016q2/bin/../lib/gcc/arm-none-eabi/5.4.1/../../../../arm-none-eabi/lib/armv7-m/libm.a(lib_a-s_scalbn.o)
                0x00000b90                scalbn
 .text.FaultISR
                0x00000c74       0x18 obj_srf06-cc26xx/fault-handlers.o
                0x00000c74                FaultISR
 .text.NmiSRHandler
                0x00000c8c        0x4 obj_srf06-cc26xx/startup_gcc.o
                0x00000c8c                NmiSR
 .text.IntDefaultHandler
                0x00000c90        0x4 obj_srf06-cc26xx/startup_gcc.o
                0x00000c90                SSI0IntHandler
                0x00000c90                SWEvent0IntHandler
                0x00000c90                uDMAIntHandler
                0x00000c90                WatchdogIntHandler
                0x00000c90                RFCHardwareIntHandler
                0x00000c90                Timer1BIntHandler
                0x00000c90                I2SIntHandler
                0x00000c90                Timer2BIntHandler
                0x00000c90                Timer2AIntHandler
                0x00000c90                Timer1AIntHandler
                0x00000c90                AONIntHandler
                0x00000c90                AUXSWEvent0IntHandler
                0x00000c90                AUXADCIntHandler
                0x00000c90                PendSVIntHandler
                0x00000c90                AUXSWEvent1IntHandler
                0x00000c90                SVCallIntHandler
                0x00000c90                MPUFaultIntHandler
                0x00000c90                SysTickIntHandler
                0x00000c90                BusFaultIntHandler
                0x00000c90                AONProgIntHandler
                0x00000c90                AUXCompAIntHandler
                0x00000c90                SSI1IntHandler
                0x00000c90                FlashIntHandler
                0x00000c90                uDMAErrIntHandler
                0x00000c90                UsageFaultIntHandler
                0x00000c90                RFCCmdAckIntHandler
                0x00000c90                CryptoIntHandler
                0x00000c90                Timer0AIntHandler
                0x00000c90                I2CIntHandler
                0x00000c90                DebugMonIntHandler
                0x00000c90                Timer0BIntHandler
                0x00000c90                AUXCombEventIntHandler
                0x00000c90                Timer3AIntHandler
                0x00000c90                DynProgIntHandler
                0x00000c90                Timer3BIntHandler
 .text.ResetISR
                0x00000c94       0x5c obj_srf06-cc26xx/startup_gcc.o
                0x00000c94                ResetISR
 .text.init_mib2_list
                0x00000cf0       0xcc main_core.co
                0x00000cf0                init_mib2_list
 .text.process_thread_init_system_process
                0x00000dbc       0xcc main_core.co
 .text.sha256_transform
                0x00000e88      0x170 obj_srf06-cc26xx/sha256.o
                0x00000e88                sha256_transform
 .text.sha256_init
                0x00000ff8       0x54 obj_srf06-cc26xx/sha256.o
                0x00000ff8                sha256_init
 .text.sha256_update
                0x0000104c       0x48 obj_srf06-cc26xx/sha256.o
                0x0000104c                sha256_update
 .text.sha256_final
                0x00001094       0xe4 obj_srf06-cc26xx/sha256.o
                0x00001094                sha256_final
 .text.mib_ii_get_oid
                0x00001178       0x78 obj_srf06-cc26xx/mibii.o
                0x00001178                mib_ii_get_oid
 .text.mib_ii_update_list
                0x000011f0       0x44 obj_srf06-cc26xx/mibii.o
                0x000011f0                mib_ii_update_list
 .text.mib_ii_fill_list
                0x00001234       0x38 obj_srf06-cc26xx/mibii.o
                0x00001234                mib_ii_fill_list
 .text.mib_ii_show
                0x0000126c        0x4 obj_srf06-cc26xx/mibii.o
                0x0000126c                mib_ii_show
 .text.receiver
                0x00001270       0x14 obj_srf06-cc26xx/snmp.o
 .text.cb_timer_trap_heartbeat
                0x00001284       0xc4 obj_srf06-cc26xx/snmp.o
                0x00001284                cb_timer_trap_heartbeat
 .text.snmp_cb_data.part.0
                0x00001348       0x90 obj_srf06-cc26xx/snmp.o
 .text.snmp_cb_data
                0x000013d8       0x28 obj_srf06-cc26xx/snmp.o
                0x000013d8                snmp_cb_data
 .text.snmp_init
                0x00001400        0xc obj_srf06-cc26xx/snmp.o
                0x00001400                snmp_init
 .text.ipaddr_sprintf
                0x0000140c       0xa4 obj_srf06-cc26xx/snmp.o
                0x0000140c                ipaddr_sprintf
 .text.update_snmp_mib
                0x000014b0      0x31c obj_srf06-cc26xx/snmp.o
                0x000014b0                update_snmp_mib
 .text.process_thread_snmp_main
                0x000017cc      0x11c obj_srf06-cc26xx/snmp.o
 .text.decode_asn1_integer
                0x000018e8       0x94 obj_srf06-cc26xx/snmp_asn1.o
                0x000018e8                decode_asn1_integer
 .text.error_check_snmp
                0x0000197c       0x44 obj_srf06-cc26xx/snmp_asn1.o
                0x0000197c                error_check_snmp
 .text.snmp_decode_message
                0x000019c0      0x278 obj_srf06-cc26xx/snmp_asn1.o
                0x000019c0                snmp_decode_message
 .text.snmp_encode_message
                0x00001c38      0x204 obj_srf06-cc26xx/snmp_asn1.o
                0x00001c38                snmp_encode_message
 .text.snmp_encode_trap
                0x00001e3c      0x114 obj_srf06-cc26xx/snmp_asn1.o
                0x00001e3c                snmp_encode_trap
 .text.res_get_handler
                0x00001f50       0x5c obj_srf06-cc26xx/res-hello.o
 .text.generateVerf
                0x00001fac       0x58 obj_srf06-cc26xx/res-devices.o
                0x00001fac                generateVerf
 .text.res_post_handler_switch
                0x00002004       0xdc obj_srf06-cc26xx/res-devices.o
 .text.generateHash
                0x000020e0       0x58 obj_srf06-cc26xx/res-devices.o
                0x000020e0                generateHash
 .text.res_get_handler_switch
                0x00002138       0x9c obj_srf06-cc26xx/res-devices.o
 .text.process_thread_coap_server_process
                0x000021d4       0x58 obj_srf06-cc26xx/coap-server.o
 .text.coap_set_service_callback
                0x0000222c        0xc contiki-srf06-cc26xx.a(er-coap-engine.)
                0x0000222c                coap_set_service_callback
 .text.coap_get_rest_method
                0x00002238       0x10 contiki-srf06-cc26xx.a(er-coap-engine.)
                0x00002238                coap_get_rest_method
 .text.process_thread_coap_engine
                0x00002248      0x3f8 contiki-srf06-cc26xx.a(er-coap-engine.)
 .text.coap_init_engine
                0x00002640        0xc contiki-srf06-cc26xx.a(er-coap-engine.)
                0x00002640                coap_init_engine
 .text.coap_register_as_transaction_handler
                0x0000264c       0x14 contiki-srf06-cc26xx.a(er-coap-transac)
                0x0000264c                coap_register_as_transaction_handler
 .text.coap_new_transaction
                0x00002660       0x48 contiki-srf06-cc26xx.a(er-coap-transac)
                0x00002660                coap_new_transaction
 .text.coap_clear_transaction
                0x000026a8       0x2c contiki-srf06-cc26xx.a(er-coap-transac)
                0x000026a8                coap_clear_transaction
 .text.coap_send_transaction
                0x000026d4       0xa0 contiki-srf06-cc26xx.a(er-coap-transac)
                0x000026d4                coap_send_transaction
 .text.coap_get_transaction_by_mid
                0x00002774       0x28 contiki-srf06-cc26xx.a(er-coap-transac)
                0x00002774                coap_get_transaction_by_mid
 .text.coap_check_transactions
                0x0000279c       0x38 contiki-srf06-cc26xx.a(er-coap-transac)
                0x0000279c                coap_check_transactions
 .text.coap_remove_observer
                0x000027d4       0x20 contiki-srf06-cc26xx.a(er-coap-observe)
                0x000027d4                coap_remove_observer
 .text.coap_remove_observer_by_client
                0x000027f4       0x44 contiki-srf06-cc26xx.a(er-coap-observe)
                0x000027f4                coap_remove_observer_by_client
 .text.coap_remove_observer_by_token
                0x00002838       0x6c contiki-srf06-cc26xx.a(er-coap-observe)
                0x00002838                coap_remove_observer_by_token
 .text.coap_remove_observer_by_uri
                0x000028a4       0x70 contiki-srf06-cc26xx.a(er-coap-observe)
                0x000028a4                coap_remove_observer_by_uri
 .text.coap_remove_observer_by_mid
                0x00002914       0x58 contiki-srf06-cc26xx.a(er-coap-observe)
                0x00002914                coap_remove_observer_by_mid
 .text.coap_notify_observers_sub
                0x0000296c      0x138 contiki-srf06-cc26xx.a(er-coap-observe)
                0x0000296c                coap_notify_observers_sub
 .text.coap_notify_observers
                0x00002aa4        0x8 contiki-srf06-cc26xx.a(er-coap-observe)
                0x00002aa4                coap_notify_observers
 .text.coap_observe_handler
                0x00002aac      0x100 contiki-srf06-cc26xx.a(er-coap-observe)
                0x00002aac                coap_observe_handler
 .text.well_known_core_get_handler
                0x00002bac      0x19c contiki-srf06-cc26xx.a(er-coap-res-wel)
                0x00002bac                well_known_core_get_handler
 .text.classify_notification
                0x00002d48       0x54 contiki-srf06-cc26xx.a(er-coap-observe)
 .text.simple_reply.isra.1
                0x00002d9c       0x38 contiki-srf06-cc26xx.a(er-coap-observe)
 .text.coap_get_obs_subject_by_token
                0x00002dd4       0x48 contiki-srf06-cc26xx.a(er-coap-observe)
                0x00002dd4                coap_get_obs_subject_by_token
 .text.coap_handle_notification
                0x00002e1c       0xb4 contiki-srf06-cc26xx.a(er-coap-observe)
                0x00002e1c                coap_handle_notification
 .text.process_thread_rest_engine_process
                0x00002ed0       0xa0 contiki-srf06-cc26xx.a(rest-engine.o)
 .text.rest_invoke_restful_service
                0x00002f70       0xf4 contiki-srf06-cc26xx.a(rest-engine.o)
                0x00002f70                rest_invoke_restful_service
 .text.rest_init_engine
                0x00003064       0x40 contiki-srf06-cc26xx.a(rest-engine.o)
                0x00003064                rest_init_engine
 .text.rest_activate_resource
                0x000030a4       0x38 contiki-srf06-cc26xx.a(rest-engine.o)
                0x000030a4                rest_activate_resource
 .text.rest_get_resources
                0x000030dc        0x8 contiki-srf06-cc26xx.a(rest-engine.o)
                0x000030dc                rest_get_resources
 .text.fade     0x000030e4       0x64 contiki-srf06-cc26xx.a(contiki-main.o)
 .text.startup.main
                0x00003148      0x24c contiki-srf06-cc26xx.a(contiki-main.o)
                0x00003148                main
 .text.process_thread_sensors_process
                0x00003394       0xf8 contiki-srf06-cc26xx.a(sensors.o)
 .text.sensors_changed
                0x0000348c       0x4c contiki-srf06-cc26xx.a(sensors.o)
                0x0000348c                sensors_changed
 .text.leds_init
                0x000034d8       0x14 contiki-srf06-cc26xx.a(leds.o)
                0x000034d8                leds_init
 .text.leds_on  0x000034ec       0x14 contiki-srf06-cc26xx.a(leds.o)
                0x000034ec                leds_on
 .text.leds_off
                0x00003500       0x14 contiki-srf06-cc26xx.a(leds.o)
                0x00003500                leds_off
 .text.leds_toggle
                0x00003514       0x14 contiki-srf06-cc26xx.a(leds.o)
                0x00003514                leds_toggle
 .text.wakeup_handler
                0x00003528       0x20 contiki-srf06-cc26xx.a(board.o)
 .text.board_init
                0x00003548       0x98 contiki-srf06-cc26xx.a(board.o)
                0x00003548                board_init
 .text.leds_arch_init
                0x000035e0       0x38 contiki-srf06-cc26xx.a(leds-arch.o)
                0x000035e0                leds_arch_init
 .text.leds_arch_set
                0x00003618       0x30 contiki-srf06-cc26xx.a(leds-arch.o)
                0x00003618                leds_arch_set
 .text.status.part.0
                0x00003648       0x14 contiki-srf06-cc26xx.a(button-sensor.o)
 .text.value_left
                0x0000365c       0x24 contiki-srf06-cc26xx.a(button-sensor.o)
 .text.value_right
                0x00003680       0x18 contiki-srf06-cc26xx.a(button-sensor.o)
 .text.status_left
                0x00003698       0x10 contiki-srf06-cc26xx.a(button-sensor.o)
 .text.status_right
                0x000036a8       0x10 contiki-srf06-cc26xx.a(button-sensor.o)
 .text.config_buttons
                0x000036b8       0x84 contiki-srf06-cc26xx.a(button-sensor.o)
 .text.config_left
                0x0000373c        0xc contiki-srf06-cc26xx.a(button-sensor.o)
 .text.config_right
                0x00003748        0xc contiki-srf06-cc26xx.a(button-sensor.o)
 .text.button_press_handler
                0x00003754       0x64 contiki-srf06-cc26xx.a(button-sensor.o)
 .text.verify_part
                0x000037b8       0x80 contiki-srf06-cc26xx.a(ext-flash.o)
 .text.wait_ready
                0x00003838       0x64 contiki-srf06-cc26xx.a(ext-flash.o)
 .text.power_down
                0x0000389c       0x50 contiki-srf06-cc26xx.a(ext-flash.o)
 .text.ext_flash_open
                0x000038ec       0x60 contiki-srf06-cc26xx.a(ext-flash.o)
                0x000038ec                ext_flash_open
 .text.ext_flash_init
                0x0000394c       0x14 contiki-srf06-cc26xx.a(ext-flash.o)
                0x0000394c                ext_flash_init
 .text.accessible
                0x00003960       0x24 contiki-srf06-cc26xx.a(board-spi.o)
 .text.board_spi_write
                0x00003984       0x3c contiki-srf06-cc26xx.a(board-spi.o)
                0x00003984                board_spi_write
 .text.board_spi_read
                0x000039c0       0x48 contiki-srf06-cc26xx.a(board-spi.o)
                0x000039c0                board_spi_read
 .text.board_spi_flush
                0x00003a08       0x24 contiki-srf06-cc26xx.a(board-spi.o)
                0x00003a08                board_spi_flush
 .text.board_spi_open
                0x00003a2c       0xc0 contiki-srf06-cc26xx.a(board-spi.o)
                0x00003a2c                board_spi_open
 .text.board_spi_close
                0x00003aec       0x70 contiki-srf06-cc26xx.a(board-spi.o)
                0x00003aec                board_spi_close
 .text.power_domain_on
                0x00003b5c       0x20 contiki-srf06-cc26xx.a(clock.o)
 .text.clock_init
                0x00003b7c       0x98 contiki-srf06-cc26xx.a(clock.o)
                0x00003b7c                clock_init
 .text.clock_time
                0x00003c14       0x34 contiki-srf06-cc26xx.a(clock.o)
                0x00003c14                clock_time
 .text.clock_update
                0x00003c48       0x3c contiki-srf06-cc26xx.a(clock.o)
                0x00003c48                clock_update
 .text.clock_seconds
                0x00003c84       0x18 contiki-srf06-cc26xx.a(clock.o)
                0x00003c84                clock_seconds
 .text.soc_rtc_init
                0x00003c9c       0xa0 contiki-srf06-cc26xx.a(soc-rtc.o)
                0x00003c9c                soc_rtc_init
 .text.soc_rtc_schedule_one_shot
                0x00003d3c       0x6c contiki-srf06-cc26xx.a(soc-rtc.o)
                0x00003d3c                soc_rtc_schedule_one_shot
 .text.soc_rtc_last_isr_time
                0x00003da8        0xc contiki-srf06-cc26xx.a(soc-rtc.o)
                0x00003da8                soc_rtc_last_isr_time
 .text.AONRTCIntHandler
                0x00003db4       0x88 contiki-srf06-cc26xx.a(soc-rtc.o)
                0x00003db4                AONRTCIntHandler
 .text.watchdog_init
                0x00003e3c       0x1c contiki-srf06-cc26xx.a(contiki-watchdo)
                0x00003e3c                watchdog_init
 .text.watchdog_start
                0x00003e58       0x68 contiki-srf06-cc26xx.a(contiki-watchdo)
                0x00003e58                watchdog_start
 .text.watchdog_periodic
                0x00003ec0       0x1c contiki-srf06-cc26xx.a(contiki-watchdo)
                0x00003ec0                watchdog_periodic
 .text.putchar  0x00003edc       0x10 contiki-srf06-cc26xx.a(putchar.o)
                0x00003edc                putchar
 .text.puts     0x00003eec       0x30 contiki-srf06-cc26xx.a(putchar.o)
                0x00003eec                puts
 .text.dbg_send_bytes
                0x00003f1c       0x40 contiki-srf06-cc26xx.a(putchar.o)
                0x00003f1c                dbg_send_bytes
 .text.ieee_addr_cpy_to
                0x00003f5c       0x40 contiki-srf06-cc26xx.a(ieee-addr.o)
                0x00003f5c                ieee_addr_cpy_to
 .text.power_and_clock
                0x00003f9c       0x40 contiki-srf06-cc26xx.a(cc26xx-uart.o)
 .text.enable   0x00003fdc       0xf0 contiki-srf06-cc26xx.a(cc26xx-uart.o)
 .text.accessible
                0x000040cc       0x24 contiki-srf06-cc26xx.a(cc26xx-uart.o)
 .text.lpm_drop_handler
                0x000040f0       0xc8 contiki-srf06-cc26xx.a(cc26xx-uart.o)
 .text.cc26xx_uart_init
                0x000041b8       0x28 contiki-srf06-cc26xx.a(cc26xx-uart.o)
                0x000041b8                cc26xx_uart_init
 .text.cc26xx_uart_write_byte
                0x000041e0       0x28 contiki-srf06-cc26xx.a(cc26xx-uart.o)
                0x000041e0                cc26xx_uart_write_byte
 .text.cc26xx_uart_busy
                0x00004208       0x18 contiki-srf06-cc26xx.a(cc26xx-uart.o)
                0x00004208                cc26xx_uart_busy
 .text.UART0IntHandler
                0x00004220       0x54 contiki-srf06-cc26xx.a(cc26xx-uart.o)
                0x00004220                UART0IntHandler
 .text.lpm_shutdown
                0x00004274      0x198 contiki-srf06-cc26xx.a(lpm.o)
                0x00004274                lpm_shutdown
 .text.lpm_sleep
                0x0000440c       0x14 contiki-srf06-cc26xx.a(lpm.o)
                0x0000440c                lpm_sleep
 .text.lpm_drop
                0x00004420      0x258 contiki-srf06-cc26xx.a(lpm.o)
                0x00004420                lpm_drop
 .text.lpm_register_module
                0x00004678        0xc contiki-srf06-cc26xx.a(lpm.o)
                0x00004678                lpm_register_module
 .text.lpm_unregister_module
                0x00004684        0xc contiki-srf06-cc26xx.a(lpm.o)
                0x00004684                lpm_unregister_module
 .text.lpm_init
                0x00004690       0x20 contiki-srf06-cc26xx.a(lpm.o)
                0x00004690                lpm_init
 .text.lpm_pin_set_default_state
                0x000046b0       0x2c contiki-srf06-cc26xx.a(lpm.o)
                0x000046b0                lpm_pin_set_default_state
 .text.gpio_interrupt_register_handler
                0x000046dc       0x2c contiki-srf06-cc26xx.a(gpio-interrupt.)
                0x000046dc                gpio_interrupt_register_handler
 .text.gpio_interrupt_init
                0x00004708       0x24 contiki-srf06-cc26xx.a(gpio-interrupt.)
                0x00004708                gpio_interrupt_init
 .text.GPIOIntHandler
                0x0000472c       0x30 contiki-srf06-cc26xx.a(gpio-interrupt.)
                0x0000472c                GPIOIntHandler
 .text.oscillators_select_lf_xosc
                0x0000475c       0x50 contiki-srf06-cc26xx.a(oscillators.o)
                0x0000475c                oscillators_select_lf_xosc
 .text.oscillators_select_lf_rcosc
                0x000047ac       0x3c contiki-srf06-cc26xx.a(oscillators.o)
                0x000047ac                oscillators_select_lf_rcosc
 .text.oscillators_request_hf_xosc
                0x000047e8       0x30 contiki-srf06-cc26xx.a(oscillators.o)
                0x000047e8                oscillators_request_hf_xosc
 .text.oscillators_switch_to_hf_xosc
                0x00004818       0x34 contiki-srf06-cc26xx.a(oscillators.o)
                0x00004818                oscillators_switch_to_hf_xosc
 .text.oscillators_switch_to_hf_rc
                0x0000484c       0x38 contiki-srf06-cc26xx.a(oscillators.o)
                0x0000484c                oscillators_switch_to_hf_rc
 .text.request  0x00004884       0x20 contiki-srf06-cc26xx.a(ieee-mode.o)
 .text.rx_on    0x000048a4       0x60 contiki-srf06-cc26xx.a(ieee-mode.o)
 .text.prepare  0x00004904       0x1c contiki-srf06-cc26xx.a(ieee-mode.o)
 .text.check_rat_overflow
                0x00004920       0x68 contiki-srf06-cc26xx.a(ieee-mode.o)
 .text.rf_radio_setup
                0x00004988       0x74 contiki-srf06-cc26xx.a(ieee-mode.o)
 .text.soft_on  0x000049fc       0x18 contiki-srf06-cc26xx.a(ieee-mode.o)
 .text.pending_packet
                0x00004a14       0x48 contiki-srf06-cc26xx.a(ieee-mode.o)
 .text.soft_off
                0x00004a5c       0x3c contiki-srf06-cc26xx.a(ieee-mode.o)
 .text.get_object
                0x00004a98       0x4c contiki-srf06-cc26xx.a(ieee-mode.o)
 .text.transmitting.part.1
                0x00004ae4       0x40 contiki-srf06-cc26xx.a(ieee-mode.o)
 .text.rx_off   0x00004b24       0x64 contiki-srf06-cc26xx.a(ieee-mode.o)
 .text.get_cca_info
                0x00004b88       0x44 contiki-srf06-cc26xx.a(ieee-mode.o)
 .text.set_object
                0x00004bcc       0x50 contiki-srf06-cc26xx.a(ieee-mode.o)
 .text.receiving_packet
                0x00004c1c       0x3c contiki-srf06-cc26xx.a(ieee-mode.o)
 .text.off.part.6
                0x00004c58       0x6c contiki-srf06-cc26xx.a(ieee-mode.o)
 .text.off      0x00004cc4       0x14 contiki-srf06-cc26xx.a(ieee-mode.o)
 .text.on       0x00004cd8       0xa8 contiki-srf06-cc26xx.a(ieee-mode.o)
 .text.set_value
                0x00004d80      0x188 contiki-srf06-cc26xx.a(ieee-mode.o)
 .text.get_value
                0x00004f08      0x180 contiki-srf06-cc26xx.a(ieee-mode.o)
 .text.transmit
                0x00005088      0x114 contiki-srf06-cc26xx.a(ieee-mode.o)
 .text.send     0x0000519c       0x24 contiki-srf06-cc26xx.a(ieee-mode.o)
 .text.channel_clear
                0x000051c0       0x84 contiki-srf06-cc26xx.a(ieee-mode.o)
 .text.read_frame
                0x00005244      0x15c contiki-srf06-cc26xx.a(ieee-mode.o)
 .text.handle_rat_overflow
                0x000053a0       0x50 contiki-srf06-cc26xx.a(ieee-mode.o)
 .text.init     0x000053f0       0xfc contiki-srf06-cc26xx.a(ieee-mode.o)
 .text.random_rand
                0x000054ec        0xc contiki-srf06-cc26xx.a(random.o)
                0x000054ec                random_rand
 .text.random_init
                0x000054f8        0x4 contiki-srf06-cc26xx.a(random.o)
                0x000054f8                random_init
 .text.power_up
                0x000054fc       0x40 contiki-srf06-cc26xx.a(soc-trng.o)
 .text.request  0x0000553c       0x14 contiki-srf06-cc26xx.a(soc-trng.o)
 .text.process_thread_soc_trng_process
                0x00005550       0x94 contiki-srf06-cc26xx.a(soc-trng.o)
 .text.accessible
                0x000055e4       0x24 contiki-srf06-cc26xx.a(soc-trng.o)
 .text.soc_trng_rand_synchronous
                0x00005608       0xc4 contiki-srf06-cc26xx.a(soc-trng.o)
                0x00005608                soc_trng_rand_synchronous
 .text.TRNGIntHandler
                0x000056cc       0x50 contiki-srf06-cc26xx.a(soc-trng.o)
                0x000056cc                TRNGIntHandler
 .text.soc_trng_init
                0x0000571c       0x28 contiki-srf06-cc26xx.a(soc-trng.o)
                0x0000571c                soc_trng_init
 .text.write_str
                0x00005744       0x14 contiki-srf06-cc26xx.a(dbg-printf.o)
 .text.printf   0x00005758       0x24 contiki-srf06-cc26xx.a(dbg-printf.o)
                0x00005758                printf
 .text.buffer_str
                0x0000577c       0x28 contiki-srf06-cc26xx.a(dbg-snprintf.o)
 .text.snprintf
                0x000057a4       0x38 contiki-srf06-cc26xx.a(dbg-snprintf.o)
                0x000057a4                snprintf
 .text.buffer_str
                0x000057dc       0x18 contiki-srf06-cc26xx.a(dbg-sprintf.o)
 .text.sprintf  0x000057f4       0x34 contiki-srf06-cc26xx.a(dbg-sprintf.o)
                0x000057f4                sprintf
 .text.fill_space
                0x00005828       0x3c contiki-srf06-cc26xx.a(strformat.o)
 .text.format_str_v
                0x00005864      0x95c contiki-srf06-cc26xx.a(strformat.o)
                0x00005864                format_str_v
 .text.autostart_start
                0x000061c0       0x18 contiki-srf06-cc26xx.a(autostart.o)
                0x000061c0                autostart_start
 .text.energest_init
                0x000061d8        0x4 contiki-srf06-cc26xx.a(energest.o)
                0x000061d8                energest_init
 .text.process_thread_ctimer_process
                0x000061dc       0x94 contiki-srf06-cc26xx.a(ctimer.o)
 .text.ctimer_init
                0x00006270       0x28 contiki-srf06-cc26xx.a(ctimer.o)
                0x00006270                ctimer_init
 .text.ctimer_set_with_process
                0x00006298       0x4c contiki-srf06-cc26xx.a(ctimer.o)
                0x00006298                ctimer_set_with_process
 .text.ctimer_set
                0x000062e4       0x18 contiki-srf06-cc26xx.a(ctimer.o)
                0x000062e4                ctimer_set
 .text.ctimer_reset
                0x000062fc       0x38 contiki-srf06-cc26xx.a(ctimer.o)
                0x000062fc                ctimer_reset
 .text.ctimer_restart
                0x00006334       0x38 contiki-srf06-cc26xx.a(ctimer.o)
                0x00006334                ctimer_restart
 .text.ctimer_stop
                0x0000636c       0x34 contiki-srf06-cc26xx.a(ctimer.o)
                0x0000636c                ctimer_stop
 .text.update_time
                0x000063a0       0x44 contiki-srf06-cc26xx.a(etimer.o)
 .text.process_thread_etimer_process
                0x000063e4       0xc8 contiki-srf06-cc26xx.a(etimer.o)
 .text.add_timer
                0x000064ac       0x54 contiki-srf06-cc26xx.a(etimer.o)
 .text.etimer_request_poll
                0x00006500        0xc contiki-srf06-cc26xx.a(etimer.o)
                0x00006500                etimer_request_poll
 .text.etimer_set
                0x0000650c       0x14 contiki-srf06-cc26xx.a(etimer.o)
                0x0000650c                etimer_set
 .text.etimer_reset
                0x00006520       0x14 contiki-srf06-cc26xx.a(etimer.o)
                0x00006520                etimer_reset
 .text.etimer_restart
                0x00006534       0x14 contiki-srf06-cc26xx.a(etimer.o)
                0x00006534                etimer_restart
 .text.etimer_expired
                0x00006548        0xc contiki-srf06-cc26xx.a(etimer.o)
                0x00006548                etimer_expired
 .text.etimer_expiration_time
                0x00006554        0x8 contiki-srf06-cc26xx.a(etimer.o)
                0x00006554                etimer_expiration_time
 .text.etimer_pending
                0x0000655c       0x10 contiki-srf06-cc26xx.a(etimer.o)
                0x0000655c                etimer_pending
 .text.etimer_next_expiration_time
                0x0000656c       0x14 contiki-srf06-cc26xx.a(etimer.o)
                0x0000656c                etimer_next_expiration_time
 .text.etimer_stop
                0x00006580       0x44 contiki-srf06-cc26xx.a(etimer.o)
                0x00006580                etimer_stop
 .text.exit_process
                0x000065c4       0xb0 contiki-srf06-cc26xx.a(process.o)
 .text.call_process.part.0
                0x00006674       0x38 contiki-srf06-cc26xx.a(process.o)
 .text.do_poll  0x000066ac       0x3c contiki-srf06-cc26xx.a(process.o)
 .text.process_alloc_event
                0x000066e8       0x10 contiki-srf06-cc26xx.a(process.o)
                0x000066e8                process_alloc_event
 .text.process_start
                0x000066f8       0x48 contiki-srf06-cc26xx.a(process.o)
                0x000066f8                process_start
 .text.process_init
                0x00006740       0x34 contiki-srf06-cc26xx.a(process.o)
                0x00006740                process_init
 .text.process_run
                0x00006774       0xa8 contiki-srf06-cc26xx.a(process.o)
                0x00006774                process_run
 .text.process_nevents
                0x0000681c       0x14 contiki-srf06-cc26xx.a(process.o)
                0x0000681c                process_nevents
 .text.process_post
                0x00006830       0x40 contiki-srf06-cc26xx.a(process.o)
                0x00006830                process_post
 .text.process_post_synch
                0x00006870       0x18 contiki-srf06-cc26xx.a(process.o)
                0x00006870                process_post_synch
 .text.process_poll
                0x00006888       0x18 contiki-srf06-cc26xx.a(process.o)
                0x00006888                process_poll
 .text.rtimer_init
                0x000068a0        0x4 contiki-srf06-cc26xx.a(rtimer.o)
                0x000068a0                rtimer_init
 .text.rtimer_set
                0x000068a4       0x2c contiki-srf06-cc26xx.a(rtimer.o)
                0x000068a4                rtimer_set
 .text.rtimer_run_next
                0x000068d0       0x28 contiki-srf06-cc26xx.a(rtimer.o)
                0x000068d0                rtimer_run_next
 .text.timer_set
                0x000068f8       0x10 contiki-srf06-cc26xx.a(timer.o)
                0x000068f8                timer_set
 .text.timer_reset
                0x00006908        0xc contiki-srf06-cc26xx.a(timer.o)
                0x00006908                timer_reset
 .text.timer_restart
                0x00006914        0xc contiki-srf06-cc26xx.a(timer.o)
                0x00006914                timer_restart
 .text.timer_expired
                0x00006920       0x1c contiki-srf06-cc26xx.a(timer.o)
                0x00006920                timer_expired
 .text.process_thread_serial_line_process
                0x0000693c       0xa8 contiki-srf06-cc26xx.a(serial-line.o)
 .text.serial_line_init
                0x000069e4       0x24 contiki-srf06-cc26xx.a(serial-line.o)
                0x000069e4                serial_line_init
 .text.list_init
                0x00006a08        0x8 contiki-srf06-cc26xx.a(list.o)
                0x00006a08                list_init
 .text.list_head
                0x00006a10        0x4 contiki-srf06-cc26xx.a(list.o)
                0x00006a10                list_head
 .text.list_add
                0x00006a14       0x5c contiki-srf06-cc26xx.a(list.o)
                0x00006a14                list_add
 .text.list_push
                0x00006a70       0x48 contiki-srf06-cc26xx.a(list.o)
                0x00006a70                list_push
 .text.list_remove
                0x00006ab8       0x38 contiki-srf06-cc26xx.a(list.o)
                0x00006ab8                list_remove
 .text.list_length
                0x00006af0       0x14 contiki-srf06-cc26xx.a(list.o)
                0x00006af0                list_length
 .text.list_item_next
                0x00006b04        0x8 contiki-srf06-cc26xx.a(list.o)
                0x00006b04                list_item_next
 .text.memb_init
                0x00006b0c       0x24 contiki-srf06-cc26xx.a(memb.o)
                0x00006b0c                memb_init
 .text.memb_alloc
                0x00006b30       0x3c contiki-srf06-cc26xx.a(memb.o)
                0x00006b30                memb_alloc
 .text.memb_free
                0x00006b6c       0x3c contiki-srf06-cc26xx.a(memb.o)
                0x00006b6c                memb_free
 .text.memb_inmemb
                0x00006ba8       0x1c contiki-srf06-cc26xx.a(memb.o)
                0x00006ba8                memb_inmemb
 .text.memb_numfree
                0x00006bc4       0x1c contiki-srf06-cc26xx.a(memb.o)
                0x00006bc4                memb_numfree
 .text.ringbuf_init
                0x00006be0       0x10 contiki-srf06-cc26xx.a(ringbuf.o)
                0x00006be0                ringbuf_init
 .text.ringbuf_get
                0x00006bf0       0x24 contiki-srf06-cc26xx.a(ringbuf.o)
                0x00006bf0                ringbuf_get
 .text.uip_ds6_list_loop
                0x00006c14       0x5c contiki-srf06-cc26xx.a(uip-ds6.o)
                0x00006c14                uip_ds6_list_loop
 .text.uip_ds6_prefix_add
                0x00006c70       0x6c contiki-srf06-cc26xx.a(uip-ds6.o)
                0x00006c70                uip_ds6_prefix_add
 .text.uip_ds6_is_addr_onlink
                0x00006cdc       0x40 contiki-srf06-cc26xx.a(uip-ds6.o)
                0x00006cdc                uip_ds6_is_addr_onlink
 .text.uip_ds6_addr_lookup
                0x00006d1c       0x30 contiki-srf06-cc26xx.a(uip-ds6.o)
                0x00006d1c                uip_ds6_addr_lookup
 .text.uip_ds6_get_link_local
                0x00006d4c       0x50 contiki-srf06-cc26xx.a(uip-ds6.o)
                0x00006d4c                uip_ds6_get_link_local
 .text.uip_ds6_maddr_add
                0x00006d9c       0x50 contiki-srf06-cc26xx.a(uip-ds6.o)
                0x00006d9c                uip_ds6_maddr_add
 .text.uip_ds6_addr_add
                0x00006dec       0xa8 contiki-srf06-cc26xx.a(uip-ds6.o)
                0x00006dec                uip_ds6_addr_add
 .text.uip_ds6_maddr_lookup
                0x00006e94       0x30 contiki-srf06-cc26xx.a(uip-ds6.o)
                0x00006e94                uip_ds6_maddr_lookup
 .text.uip_ds6_addr_rm
                0x00006ec4       0x48 contiki-srf06-cc26xx.a(uip-ds6.o)
                0x00006ec4                uip_ds6_addr_rm
 .text.uip_ds6_periodic
                0x00006f0c       0x5c contiki-srf06-cc26xx.a(uip-ds6.o)
                0x00006f0c                uip_ds6_periodic
 .text.uip_ds6_select_src
                0x00006f68      0x118 contiki-srf06-cc26xx.a(uip-ds6.o)
                0x00006f68                uip_ds6_select_src
 .text.uip_ds6_set_addr_iid
                0x00007080       0x14 contiki-srf06-cc26xx.a(uip-ds6.o)
                0x00007080                uip_ds6_set_addr_iid
 .text.uip_ds6_compute_reachable_time
                0x00007094       0x2c contiki-srf06-cc26xx.a(uip-ds6.o)
                0x00007094                uip_ds6_compute_reachable_time
 .text.uip_ds6_init
                0x000070c0       0xf8 contiki-srf06-cc26xx.a(uip-ds6.o)
                0x000070c0                uip_ds6_init
 .text.call_route_callback
                0x000071b8       0x50 contiki-srf06-cc26xx.a(uip-ds6-route.o)
 .text.uip_ds6_route_init
                0x00007208       0x4c contiki-srf06-cc26xx.a(uip-ds6-route.o)
                0x00007208                uip_ds6_route_init
 .text.uip_ds6_route_nexthop
                0x00007254       0x1c contiki-srf06-cc26xx.a(uip-ds6-route.o)
                0x00007254                uip_ds6_route_nexthop
 .text.uip_ds6_route_head
                0x00007270        0xc contiki-srf06-cc26xx.a(uip-ds6-route.o)
                0x00007270                uip_ds6_route_head
 .text.uip_ds6_route_next
                0x0000727c        0x8 contiki-srf06-cc26xx.a(uip-ds6-route.o)
                0x0000727c                uip_ds6_route_next
 .text.uip_ds6_route_is_nexthop
                0x00007284       0x20 contiki-srf06-cc26xx.a(uip-ds6-route.o)
                0x00007284                uip_ds6_route_is_nexthop
 .text.uip_ds6_route_lookup
                0x000072a4       0x78 contiki-srf06-cc26xx.a(uip-ds6-route.o)
                0x000072a4                uip_ds6_route_lookup
 .text.uip_ds6_route_rm
                0x0000731c       0xac contiki-srf06-cc26xx.a(uip-ds6-route.o)
                0x0000731c                uip_ds6_route_rm
 .text.rm_routelist
                0x000073c8       0x38 contiki-srf06-cc26xx.a(uip-ds6-route.o)
 .text.rm_routelist_callback
                0x00007400        0x4 contiki-srf06-cc26xx.a(uip-ds6-route.o)
 .text.uip_ds6_route_add
                0x00007404      0x118 contiki-srf06-cc26xx.a(uip-ds6-route.o)
                0x00007404                uip_ds6_route_add
 .text.uip_ds6_defrt_rm
                0x0000751c       0x48 contiki-srf06-cc26xx.a(uip-ds6-route.o)
                0x0000751c                uip_ds6_defrt_rm
 .text.uip_ds6_defrt_lookup
                0x00007564       0x34 contiki-srf06-cc26xx.a(uip-ds6-route.o)
                0x00007564                uip_ds6_defrt_lookup
 .text.uip_ds6_defrt_add
                0x00007598       0x5c contiki-srf06-cc26xx.a(uip-ds6-route.o)
                0x00007598                uip_ds6_defrt_add
 .text.uip_ds6_defrt_choose
                0x000075f4       0x34 contiki-srf06-cc26xx.a(uip-ds6-route.o)
                0x000075f4                uip_ds6_defrt_choose
 .text.uip_ds6_defrt_periodic
                0x00007628       0x40 contiki-srf06-cc26xx.a(uip-ds6-route.o)
                0x00007628                uip_ds6_defrt_periodic
 .text.chksum   0x00007668       0x50 contiki-srf06-cc26xx.a(uip6.o)
 .text.upper_layer_chksum
                0x000076b8       0x58 contiki-srf06-cc26xx.a(uip6.o)
 .text.ext_hdr_options_process
                0x00007710       0xd4 contiki-srf06-cc26xx.a(uip6.o)
 .text.uip_icmp6chksum
                0x000077e4        0x8 contiki-srf06-cc26xx.a(uip6.o)
                0x000077e4                uip_icmp6chksum
 .text.uip_init
                0x000077ec       0x30 contiki-srf06-cc26xx.a(uip6.o)
                0x000077ec                uip_init
 .text.remove_ext_hdr
                0x0000781c       0x54 contiki-srf06-cc26xx.a(uip6.o)
                0x0000781c                remove_ext_hdr
 .text.uip_udp_new
                0x00007870       0x90 contiki-srf06-cc26xx.a(uip6.o)
                0x00007870                uip_udp_new
 .text.uip_process
                0x00007900      0x540 contiki-srf06-cc26xx.a(uip6.o)
                0x00007900                uip_process
 .text.uip_htonl
                0x00007e40       0x14 contiki-srf06-cc26xx.a(uip6.o)
                0x00007e40                uip_htonl
 .text.uip_ds6_nbr_rm
                0x00007e54       0x20 contiki-srf06-cc26xx.a(uip-ds6-nbr.o)
                0x00007e54                uip_ds6_nbr_rm
 .text.uip_ds6_neighbors_init
                0x00007e74       0x1c contiki-srf06-cc26xx.a(uip-ds6-nbr.o)
                0x00007e74                uip_ds6_neighbors_init
 .text.uip_ds6_nbr_add
                0x00007e90       0x38 contiki-srf06-cc26xx.a(uip-ds6-nbr.o)
                0x00007e90                uip_ds6_nbr_add
 .text.uip_ds6_nbr_get_ll
                0x00007ec8       0x10 contiki-srf06-cc26xx.a(uip-ds6-nbr.o)
                0x00007ec8                uip_ds6_nbr_get_ll
 .text.uip_ds6_nbr_lookup
                0x00007ed8       0x3c contiki-srf06-cc26xx.a(uip-ds6-nbr.o)
                0x00007ed8                uip_ds6_nbr_lookup
 .text.uip_ds6_nbr_ipaddr_from_lladdr
                0x00007f14       0x10 contiki-srf06-cc26xx.a(uip-ds6-nbr.o)
                0x00007f14                uip_ds6_nbr_ipaddr_from_lladdr
 .text.uip_ds6_nbr_lladdr_from_ipaddr
                0x00007f24       0x1c contiki-srf06-cc26xx.a(uip-ds6-nbr.o)
                0x00007f24                uip_ds6_nbr_lladdr_from_ipaddr
 .text.uip_ds6_link_neighbor_callback
                0x00007f40       0x34 contiki-srf06-cc26xx.a(uip-ds6-nbr.o)
                0x00007f40                uip_ds6_link_neighbor_callback
 .text.uip_nd6_init
                0x00007f74        0x4 contiki-srf06-cc26xx.a(uip-nd6.o)
                0x00007f74                uip_nd6_init
 .text.sicslowpan_init
                0x00007f78       0x24 contiki-srf06-cc26xx.a(sicslowpan.o)
                0x00007f78                sicslowpan_init
 .text.compress_addr_64
                0x00007f9c       0x9c contiki-srf06-cc26xx.a(sicslowpan.o)
 .text.set_packet_attrs
                0x00008038       0x50 contiki-srf06-cc26xx.a(sicslowpan.o)
 .text.addr_context_lookup_by_prefix
                0x00008088       0x28 contiki-srf06-cc26xx.a(sicslowpan.o)
 .text.send_packet
                0x000080b0       0x24 contiki-srf06-cc26xx.a(sicslowpan.o)
 .text.packet_sent
                0x000080d4       0x28 contiki-srf06-cc26xx.a(sicslowpan.o)
 .text.store_fragment
                0x000080fc       0x68 contiki-srf06-cc26xx.a(sicslowpan.o)
 .text.add_fragment
                0x00008164      0x17c contiki-srf06-cc26xx.a(sicslowpan.o)
 .text.uncompress_addr
                0x000082e0       0xb8 contiki-srf06-cc26xx.a(sicslowpan.o)
 .text.input    0x00008398      0x68c contiki-srf06-cc26xx.a(sicslowpan.o)
 .text.output   0x00008a24      0x6fc contiki-srf06-cc26xx.a(sicslowpan.o)
 .text.sicslowpan_get_last_rssi
                0x00009120        0xc contiki-srf06-cc26xx.a(sicslowpan.o)
                0x00009120                sicslowpan_get_last_rssi
 .text.uip_debug_ipaddr_print
                0x0000912c       0xb0 contiki-srf06-cc26xx.a(uip-debug.o)
                0x0000912c                uip_debug_ipaddr_print
 .text.uip_udp_packet_send
                0x000091dc       0x40 contiki-srf06-cc26xx.a(uip-udp-packet.)
                0x000091dc                uip_udp_packet_send
 .text.uip_udp_packet_sendto
                0x0000921c       0x48 contiki-srf06-cc26xx.a(uip-udp-packet.)
                0x0000921c                uip_udp_packet_sendto
 .text.tcpip_set_outputfunc
                0x00009264        0xc contiki-srf06-cc26xx.a(tcpip.o)
                0x00009264                tcpip_set_outputfunc
 .text.udp_new  0x00009270       0x18 contiki-srf06-cc26xx.a(tcpip.o)
                0x00009270                udp_new
 .text.tcpip_icmp6_call
                0x00009288       0x28 contiki-srf06-cc26xx.a(tcpip.o)
                0x00009288                tcpip_icmp6_call
 .text.tcpip_input
                0x000092b0       0x24 contiki-srf06-cc26xx.a(tcpip.o)
                0x000092b0                tcpip_input
 .text.tcpip_ipv6_output
                0x000092d4       0xbc contiki-srf06-cc26xx.a(tcpip.o)
                0x000092d4                tcpip_ipv6_output
 .text.process_thread_tcpip_process
                0x00009390       0xe0 contiki-srf06-cc26xx.a(tcpip.o)
 .text.tcpip_uipcall
                0x00009470       0x2c contiki-srf06-cc26xx.a(tcpip.o)
                0x00009470                tcpip_uipcall
 .text.process_thread_simple_udp_process
                0x0000949c       0xb0 contiki-srf06-cc26xx.a(simple-udp.o)
 .text.simple_udp_sendto
                0x0000954c       0x20 contiki-srf06-cc26xx.a(simple-udp.o)
                0x0000954c                simple_udp_sendto
 .text.simple_udp_register
                0x0000956c       0x78 contiki-srf06-cc26xx.a(simple-udp.o)
                0x0000956c                simple_udp_register
 .text.update_hbh_header
                0x000095e4       0xd0 contiki-srf06-cc26xx.a(rpl-ext-header.)
 .text.insert_hbh_header.isra.0
                0x000096b4       0xb0 contiki-srf06-cc26xx.a(rpl-ext-header.)
 .text.rpl_verify_hbh_header
                0x00009764       0xf0 contiki-srf06-cc26xx.a(rpl-ext-header.)
                0x00009764                rpl_verify_hbh_header
 .text.rpl_remove_header
                0x00009854       0x80 contiki-srf06-cc26xx.a(rpl-ext-header.)
                0x00009854                rpl_remove_header
 .text.rpl_update_header
                0x000098d4       0x68 contiki-srf06-cc26xx.a(rpl-ext-header.)
                0x000098d4                rpl_update_header
 .text.rpl_get_mode
                0x0000993c        0xc contiki-srf06-cc26xx.a(rpl.o)
                0x0000993c                rpl_get_mode
 .text.rpl_purge_routes
                0x00009948       0x7c contiki-srf06-cc26xx.a(rpl.o)
                0x00009948                rpl_purge_routes
 .text.rpl_remove_routes
                0x000099c4       0x24 contiki-srf06-cc26xx.a(rpl.o)
                0x000099c4                rpl_remove_routes
 .text.rpl_remove_routes_by_nexthop
                0x000099e8       0x34 contiki-srf06-cc26xx.a(rpl.o)
                0x000099e8                rpl_remove_routes_by_nexthop
 .text.rpl_add_route
                0x00009a1c       0x34 contiki-srf06-cc26xx.a(rpl.o)
                0x00009a1c                rpl_add_route
 .text.rpl_link_neighbor_callback
                0x00009a50       0x60 contiki-srf06-cc26xx.a(rpl.o)
                0x00009a50                rpl_link_neighbor_callback
 .text.rpl_ipv6_neighbor_callback
                0x00009ab0       0x30 contiki-srf06-cc26xx.a(rpl.o)
                0x00009ab0                rpl_ipv6_neighbor_callback
 .text.rpl_purge_dags
                0x00009ae0       0x2c contiki-srf06-cc26xx.a(rpl.o)
                0x00009ae0                rpl_purge_dags
 .text.rpl_init
                0x00009b0c       0x4c contiki-srf06-cc26xx.a(rpl.o)
                0x00009b0c                rpl_init
 .text.dao_ack_input
                0x00009b58       0x14 contiki-srf06-cc26xx.a(rpl-icmp6.o)
 .text.dao_output_target_seq
                0x00009b6c       0xe8 contiki-srf06-cc26xx.a(rpl-icmp6.o)
 .text.dio_input
                0x00009c54      0x2a8 contiki-srf06-cc26xx.a(rpl-icmp6.o)
 .text.rpl_icmp6_update_nbr_table
                0x00009efc       0x38 contiki-srf06-cc26xx.a(rpl-icmp6.o)
                0x00009efc                rpl_icmp6_update_nbr_table
 .text.dao_input
                0x00009f34      0x2c0 contiki-srf06-cc26xx.a(rpl-icmp6.o)
 .text.dis_output
                0x0000a1f4       0x58 contiki-srf06-cc26xx.a(rpl-icmp6.o)
                0x0000a1f4                dis_output
 .text.dio_output
                0x0000a24c      0x2b0 contiki-srf06-cc26xx.a(rpl-icmp6.o)
                0x0000a24c                dio_output
 .text.dis_input
                0x0000a4fc       0x54 contiki-srf06-cc26xx.a(rpl-icmp6.o)
 .text.dao_output
                0x0000a550       0x90 contiki-srf06-cc26xx.a(rpl-icmp6.o)
                0x0000a550                dao_output
 .text.dao_output_target
                0x0000a5e0        0xc contiki-srf06-cc26xx.a(rpl-icmp6.o)
                0x0000a5e0                dao_output_target
 .text.rpl_icmp6_register_handlers
                0x0000a5ec       0x30 contiki-srf06-cc26xx.a(rpl-icmp6.o)
                0x0000a5ec                rpl_icmp6_register_handlers
 .text.rpl_set_preferred_parent
                0x0000a61c       0x2c contiki-srf06-cc26xx.a(rpl-dag.o)
 .text.set_ip_from_prefix
                0x0000a648       0x24 contiki-srf06-cc26xx.a(rpl-dag.o)
 .text.check_prefix
                0x0000a66c       0x78 contiki-srf06-cc26xx.a(rpl-dag.o)
 .text.find_parent_any_dag_any_instance
                0x0000a6e4       0x1c contiki-srf06-cc26xx.a(rpl-dag.o)
 .text.lollipop_greater_than
                0x0000a700       0x3c contiki-srf06-cc26xx.a(rpl-dag.o)
 .text.rpl_dag_init
                0x0000a73c       0x14 contiki-srf06-cc26xx.a(rpl-dag.o)
                0x0000a73c                rpl_dag_init
 .text.rpl_get_parent
                0x0000a750       0x10 contiki-srf06-cc26xx.a(rpl-dag.o)
                0x0000a750                rpl_get_parent
 .text.rpl_get_parent_link_metric
                0x0000a760       0x1c contiki-srf06-cc26xx.a(rpl-dag.o)
                0x0000a760                rpl_get_parent_link_metric
 .text.rpl_rank_via_parent
                0x0000a77c       0x1c contiki-srf06-cc26xx.a(rpl-dag.o)
                0x0000a77c                rpl_rank_via_parent
 .text.rpl_get_parent_ipaddr
                0x0000a798       0x18 contiki-srf06-cc26xx.a(rpl-dag.o)
                0x0000a798                rpl_get_parent_ipaddr
 .text.rpl_get_parent_link_stats
                0x0000a7b0       0x18 contiki-srf06-cc26xx.a(rpl-dag.o)
                0x0000a7b0                rpl_get_parent_link_stats
 .text.best_parent
                0x0000a7c8       0x8c contiki-srf06-cc26xx.a(rpl-dag.o)
 .text.rpl_parent_is_fresh
                0x0000a854       0x10 contiki-srf06-cc26xx.a(rpl-dag.o)
                0x0000a854                rpl_parent_is_fresh
 .text.rpl_parent_is_reachable
                0x0000a864       0x40 contiki-srf06-cc26xx.a(rpl-dag.o)
                0x0000a864                rpl_parent_is_reachable
 .text.rpl_repair_root
                0x0000a8a4       0x60 contiki-srf06-cc26xx.a(rpl-dag.o)
                0x0000a8a4                rpl_repair_root
 .text.rpl_set_prefix
                0x0000a904       0x94 contiki-srf06-cc26xx.a(rpl-dag.o)
                0x0000a904                rpl_set_prefix
 .text.rpl_set_default_route
                0x0000a998       0x2c contiki-srf06-cc26xx.a(rpl-dag.o)
                0x0000a998                rpl_set_default_route
 .text.rpl_alloc_instance
                0x0000a9c4       0x34 contiki-srf06-cc26xx.a(rpl-dag.o)
                0x0000a9c4                rpl_alloc_instance
 .text.rpl_alloc_dag
                0x0000a9f8       0x5c contiki-srf06-cc26xx.a(rpl-dag.o)
                0x0000a9f8                rpl_alloc_dag
 .text.rpl_get_default_instance
                0x0000aa54        0xc contiki-srf06-cc26xx.a(rpl-dag.o)
                0x0000aa54                rpl_get_default_instance
 .text.rpl_add_parent
                0x0000aa60       0x30 contiki-srf06-cc26xx.a(rpl-dag.o)
                0x0000aa60                rpl_add_parent
 .text.rpl_find_parent
                0x0000aa90       0x18 contiki-srf06-cc26xx.a(rpl-dag.o)
                0x0000aa90                rpl_find_parent
 .text.rpl_find_parent_any_dag
                0x0000aaa8       0x20 contiki-srf06-cc26xx.a(rpl-dag.o)
                0x0000aaa8                rpl_find_parent_any_dag
 .text.rpl_select_parent
                0x0000aac8       0x58 contiki-srf06-cc26xx.a(rpl-dag.o)
                0x0000aac8                rpl_select_parent
 .text.rpl_select_dag
                0x0000ab20      0x184 contiki-srf06-cc26xx.a(rpl-dag.o)
                0x0000ab20                rpl_select_dag
 .text.rpl_nullify_parent
                0x0000aca4       0x54 contiki-srf06-cc26xx.a(rpl-dag.o)
                0x0000aca4                rpl_nullify_parent
 .text.rpl_remove_parent
                0x0000acf8       0x1c contiki-srf06-cc26xx.a(rpl-dag.o)
                0x0000acf8                rpl_remove_parent
 .text.nbr_callback
                0x0000ad14        0x4 contiki-srf06-cc26xx.a(rpl-dag.o)
 .text.remove_parents.constprop.6
                0x0000ad18       0x48 contiki-srf06-cc26xx.a(rpl-dag.o)
 .text.rpl_free_dag
                0x0000ad60       0x3c contiki-srf06-cc26xx.a(rpl-dag.o)
                0x0000ad60                rpl_free_dag
 .text.rpl_move_parent
                0x0000ad9c       0x54 contiki-srf06-cc26xx.a(rpl-dag.o)
                0x0000ad9c                rpl_move_parent
 .text.rpl_get_any_dag
                0x0000adf0       0x18 contiki-srf06-cc26xx.a(rpl-dag.o)
                0x0000adf0                rpl_get_any_dag
 .text.rpl_get_instance
                0x0000ae08       0x20 contiki-srf06-cc26xx.a(rpl-dag.o)
                0x0000ae08                rpl_get_instance
 .text.rpl_join_instance
                0x0000ae28      0x14c contiki-srf06-cc26xx.a(rpl-dag.o)
                0x0000ae28                rpl_join_instance
 .text.rpl_local_repair
                0x0000af74       0x6c contiki-srf06-cc26xx.a(rpl-dag.o)
                0x0000af74                rpl_local_repair
 .text.rpl_process_parent_event
                0x0000afe0       0x9c contiki-srf06-cc26xx.a(rpl-dag.o)
                0x0000afe0                rpl_process_parent_event
 .text.rpl_recalculate_ranks
                0x0000b07c       0x50 contiki-srf06-cc26xx.a(rpl-dag.o)
                0x0000b07c                rpl_recalculate_ranks
 .text.rpl_process_dio
                0x0000b0cc      0x2ec contiki-srf06-cc26xx.a(rpl-dag.o)
                0x0000b0cc                rpl_process_dio
 .text.NOROM_SetupGetTrimForXoscHfCtl.part.3
                0x0000b3b8       0x20 contiki-srf06-cc26xx.a(setup.o)
 .text.NOROM_SetupGetTrimForRadcExtCfg.part.4
                0x0000b3d8       0x1c contiki-srf06-cc26xx.a(setup.o)
 .text.NOROM_SetupAfterColdResetWakeupFromShutDownCfg1
                0x0000b3f4       0x7c contiki-srf06-cc26xx.a(setup.o)
                0x0000b3f4                NOROM_SetupAfterColdResetWakeupFromShutDownCfg1
 .text.NOROM_SetupAfterColdResetWakeupFromShutDownCfg3
                0x0000b470      0x1a0 contiki-srf06-cc26xx.a(setup.o)
                0x0000b470                NOROM_SetupAfterColdResetWakeupFromShutDownCfg3
 .text.NOROM_SetupGetTrimForAnabypassValue1
                0x0000b610       0x64 contiki-srf06-cc26xx.a(setup.o)
                0x0000b610                NOROM_SetupGetTrimForAnabypassValue1
 .text.NOROM_SetupGetTrimForAmpcompCtrl
                0x0000b674       0x74 contiki-srf06-cc26xx.a(setup.o)
                0x0000b674                NOROM_SetupGetTrimForAmpcompCtrl
 .text.NOROM_SetupAfterColdResetWakeupFromShutDownCfg2
                0x0000b6e8      0x194 contiki-srf06-cc26xx.a(setup.o)
                0x0000b6e8                NOROM_SetupAfterColdResetWakeupFromShutDownCfg2
 .text.TrimAfterColdResetWakeupFromShutDown
                0x0000b87c       0xe4 contiki-srf06-cc26xx.a(setup.o)
 .text.NOROM_SetupSignExtendVddrTrimValue
                0x0000b960        0x8 contiki-srf06-cc26xx.a(setup.o)
                0x0000b960                NOROM_SetupSignExtendVddrTrimValue
 .text.NOROM_SetupSetCacheModeAccordingToCcfgSetting
                0x0000b968       0x68 contiki-srf06-cc26xx.a(setup.o)
                0x0000b968                NOROM_SetupSetCacheModeAccordingToCcfgSetting
 .text.NOROM_SetupTrimDevice
                0x0000b9d0       0xa4 contiki-srf06-cc26xx.a(setup.o)
                0x0000b9d0                NOROM_SetupTrimDevice
 .text.NOROM_SysCtrlSetRechargeBeforePowerDown
                0x0000ba74      0x25c contiki-srf06-cc26xx.a(sys_ctrl.o)
                0x0000ba74                NOROM_SysCtrlSetRechargeBeforePowerDown
 .text.NOROM_SysCtrlAdjustRechargeAfterPowerDown
                0x0000bcd0       0x70 contiki-srf06-cc26xx.a(sys_ctrl.o)
                0x0000bcd0                NOROM_SysCtrlAdjustRechargeAfterPowerDown
 .text.NOROM_SysCtrl_DCDC_VoltageConditionalControl
                0x0000bd40       0x7c contiki-srf06-cc26xx.a(sys_ctrl.o)
                0x0000bd40                NOROM_SysCtrl_DCDC_VoltageConditionalControl
 .text.NOROM_ChipInfo_GetSupportedProtocol_BV
                0x0000bdbc       0x10 contiki-srf06-cc26xx.a(chipinfo.o)
                0x0000bdbc                NOROM_ChipInfo_GetSupportedProtocol_BV
 .text.NOROM_ChipInfo_GetChipFamily
                0x0000bdcc       0x4c contiki-srf06-cc26xx.a(chipinfo.o)
                0x0000bdcc                NOROM_ChipInfo_GetChipFamily
 .text.NOROM_ChipInfo_GetChipType
                0x0000be18       0x50 contiki-srf06-cc26xx.a(chipinfo.o)
                0x0000be18                NOROM_ChipInfo_GetChipType
 .text.NOROM_ChipInfo_GetHwRevision
                0x0000be68       0x6c contiki-srf06-cc26xx.a(chipinfo.o)
                0x0000be68                NOROM_ChipInfo_GetHwRevision
 .text.NOROM_ThisCodeIsBuiltForCC26xxHwRev22AndLater_HaltIfViolated
                0x0000bed4       0x14 contiki-srf06-cc26xx.a(chipinfo.o)
                0x0000bed4                NOROM_ThisCodeIsBuiltForCC26xxHwRev22AndLater_HaltIfViolated
 .text.SafeHapiVoid
                0x0000bee8       0x2c contiki-srf06-cc26xx.a(adi.o)
                0x0000bee8                SafeHapiVoid
 .text.NOROM_PowerCtrlSourceSet
                0x0000bf14       0x30 contiki-srf06-cc26xx.a(pwr_ctrl.o)
                0x0000bf14                NOROM_PowerCtrlSourceSet
 .text.NOROM_CPUcpsid
                0x0000bf44        0x8 contiki-srf06-cc26xx.a(cpu.o)
                0x0000bf44                NOROM_CPUcpsid
 .text.NOROM_CPUcpsie
                0x0000bf4c        0x8 contiki-srf06-cc26xx.a(cpu.o)
                0x0000bf4c                NOROM_CPUcpsie
 .text.NOROM_TRNGConfigure
                0x0000bf54       0x38 contiki-srf06-cc26xx.a(trng.o)
                0x0000bf54                NOROM_TRNGConfigure
 .text.NOROM_DDI32RegWrite
                0x0000bf8c       0x34 contiki-srf06-cc26xx.a(ddi.o)
                0x0000bf8c                NOROM_DDI32RegWrite
 .text.NOROM_DDI16BitfieldWrite
                0x0000bfc0       0x4c contiki-srf06-cc26xx.a(ddi.o)
                0x0000bfc0                NOROM_DDI16BitfieldWrite
 .text.NOROM_DDI16BitfieldRead
                0x0000c00c       0x4c contiki-srf06-cc26xx.a(ddi.o)
                0x0000c00c                NOROM_DDI16BitfieldRead
 .text.NOROM_AONRTCCurrentCompareValueGet
                0x0000c058       0x24 contiki-srf06-cc26xx.a(aon_rtc.o)
                0x0000c058                NOROM_AONRTCCurrentCompareValueGet
 .text.NOROM_OSCClockSourceSet
                0x0000c07c       0x50 contiki-srf06-cc26xx.a(osc.o)
                0x0000c07c                NOROM_OSCClockSourceSet
 .text.NOROM_OSCClockSourceGet
                0x0000c0cc       0x20 contiki-srf06-cc26xx.a(osc.o)
                0x0000c0cc                NOROM_OSCClockSourceGet
 .text.queuebuf_init
                0x0000c0ec       0x1c contiki-srf06-cc26xx.a(queuebuf.o)
                0x0000c0ec                queuebuf_init
 .text.queuebuf_numfree
                0x0000c108        0xc contiki-srf06-cc26xx.a(queuebuf.o)
                0x0000c108                queuebuf_numfree
 .text.queuebuf_new_from_packetbuf
                0x0000c114       0x48 contiki-srf06-cc26xx.a(queuebuf.o)
                0x0000c114                queuebuf_new_from_packetbuf
 .text.queuebuf_update_attr_from_packetbuf
                0x0000c15c        0xc contiki-srf06-cc26xx.a(queuebuf.o)
                0x0000c15c                queuebuf_update_attr_from_packetbuf
 .text.queuebuf_update_from_packetbuf
                0x0000c168       0x1c contiki-srf06-cc26xx.a(queuebuf.o)
                0x0000c168                queuebuf_update_from_packetbuf
 .text.queuebuf_free
                0x0000c184       0x2c contiki-srf06-cc26xx.a(queuebuf.o)
                0x0000c184                queuebuf_free
 .text.queuebuf_to_packetbuf
                0x0000c1b0       0x30 contiki-srf06-cc26xx.a(queuebuf.o)
                0x0000c1b0                queuebuf_to_packetbuf
 .text.queuebuf_attr
                0x0000c1e0        0xc contiki-srf06-cc26xx.a(queuebuf.o)
                0x0000c1e0                queuebuf_attr
 .text.index_from_lladdr
                0x0000c1ec       0x50 contiki-srf06-cc26xx.a(nbr-table.o)
 .text.remove_key
                0x0000c23c       0x9c contiki-srf06-cc26xx.a(nbr-table.o)
 .text.nbr_table_register
                0x0000c2d8       0x2c contiki-srf06-cc26xx.a(nbr-table.o)
                0x0000c2d8                nbr_table_register
 .text.nbr_table_next
                0x0000c304       0x7c contiki-srf06-cc26xx.a(nbr-table.o)
                0x0000c304                nbr_table_next
 .text.nbr_table_head
                0x0000c380       0x70 contiki-srf06-cc26xx.a(nbr-table.o)
                0x0000c380                nbr_table_head
 .text.nbr_table_add_lladdr
                0x0000c3f0      0x15c contiki-srf06-cc26xx.a(nbr-table.o)
                0x0000c3f0                nbr_table_add_lladdr
 .text.nbr_table_get_from_lladdr
                0x0000c54c       0x44 contiki-srf06-cc26xx.a(nbr-table.o)
                0x0000c54c                nbr_table_get_from_lladdr
 .text.nbr_table_remove
                0x0000c590       0x5c contiki-srf06-cc26xx.a(nbr-table.o)
                0x0000c590                nbr_table_remove
 .text.nbr_table_lock
                0x0000c5ec       0x34 contiki-srf06-cc26xx.a(nbr-table.o)
                0x0000c5ec                nbr_table_lock
 .text.nbr_table_unlock
                0x0000c620       0x38 contiki-srf06-cc26xx.a(nbr-table.o)
                0x0000c620                nbr_table_unlock
 .text.nbr_table_get_lladdr
                0x0000c658       0x30 contiki-srf06-cc26xx.a(nbr-table.o)
                0x0000c658                nbr_table_get_lladdr
 .text.packetbuf_copyto
                0x0000c688       0x50 contiki-srf06-cc26xx.a(packetbuf.o)
                0x0000c688                packetbuf_copyto
 .text.packetbuf_hdralloc
                0x0000c6d8       0x54 contiki-srf06-cc26xx.a(packetbuf.o)
                0x0000c6d8                packetbuf_hdralloc
 .text.packetbuf_hdrreduce
                0x0000c72c       0x2c contiki-srf06-cc26xx.a(packetbuf.o)
                0x0000c72c                packetbuf_hdrreduce
 .text.packetbuf_set_datalen
                0x0000c758        0xc contiki-srf06-cc26xx.a(packetbuf.o)
                0x0000c758                packetbuf_set_datalen
 .text.packetbuf_dataptr
                0x0000c764       0x20 contiki-srf06-cc26xx.a(packetbuf.o)
                0x0000c764                packetbuf_dataptr
 .text.packetbuf_hdrptr
                0x0000c784        0x8 contiki-srf06-cc26xx.a(packetbuf.o)
                0x0000c784                packetbuf_hdrptr
 .text.packetbuf_datalen
                0x0000c78c        0xc contiki-srf06-cc26xx.a(packetbuf.o)
                0x0000c78c                packetbuf_datalen
 .text.packetbuf_totlen
                0x0000c798       0x24 contiki-srf06-cc26xx.a(packetbuf.o)
                0x0000c798                packetbuf_totlen
 .text.packetbuf_attr_clear
                0x0000c7bc       0x34 contiki-srf06-cc26xx.a(packetbuf.o)
                0x0000c7bc                packetbuf_attr_clear
 .text.packetbuf_clear
                0x0000c7f0       0x20 contiki-srf06-cc26xx.a(packetbuf.o)
                0x0000c7f0                packetbuf_clear
 .text.packetbuf_copyfrom
                0x0000c810       0x40 contiki-srf06-cc26xx.a(packetbuf.o)
                0x0000c810                packetbuf_copyfrom
 .text.packetbuf_attr_copyto
                0x0000c850       0x44 contiki-srf06-cc26xx.a(packetbuf.o)
                0x0000c850                packetbuf_attr_copyto
 .text.packetbuf_attr_copyfrom
                0x0000c894       0x44 contiki-srf06-cc26xx.a(packetbuf.o)
                0x0000c894                packetbuf_attr_copyfrom
 .text.packetbuf_set_attr
                0x0000c8d8       0x10 contiki-srf06-cc26xx.a(packetbuf.o)
                0x0000c8d8                packetbuf_set_attr
 .text.packetbuf_attr
                0x0000c8e8        0xc contiki-srf06-cc26xx.a(packetbuf.o)
                0x0000c8e8                packetbuf_attr
 .text.packetbuf_set_addr
                0x0000c8f4       0x18 contiki-srf06-cc26xx.a(packetbuf.o)
                0x0000c8f4                packetbuf_set_addr
 .text.packetbuf_addr
                0x0000c90c       0x10 contiki-srf06-cc26xx.a(packetbuf.o)
                0x0000c90c                packetbuf_addr
 .text.packetbuf_holds_broadcast
                0x0000c91c       0x10 contiki-srf06-cc26xx.a(packetbuf.o)
                0x0000c91c                packetbuf_holds_broadcast
 .text.netstack_init
                0x0000c92c       0x38 contiki-srf06-cc26xx.a(netstack.o)
                0x0000c92c                netstack_init
 .text.linkaddr_copy
                0x0000c964        0xc contiki-srf06-cc26xx.a(linkaddr.o)
                0x0000c964                linkaddr_copy
 .text.linkaddr_cmp
                0x0000c970       0x10 contiki-srf06-cc26xx.a(linkaddr.o)
                0x0000c970                linkaddr_cmp
 .text.periodic
                0x0000c980       0x2c contiki-srf06-cc26xx.a(link-stats.o)
 .text.link_stats_from_lladdr
                0x0000c9ac        0xc contiki-srf06-cc26xx.a(link-stats.o)
                0x0000c9ac                link_stats_from_lladdr
 .text.link_stats_is_fresh
                0x0000c9b8       0x28 contiki-srf06-cc26xx.a(link-stats.o)
                0x0000c9b8                link_stats_is_fresh
 .text.link_stats_packet_sent
                0x0000c9e0       0xcc contiki-srf06-cc26xx.a(link-stats.o)
                0x0000c9e0                link_stats_packet_sent
 .text.link_stats_input_callback
                0x0000caac       0x5c contiki-srf06-cc26xx.a(link-stats.o)
                0x0000caac                link_stats_input_callback
 .text.link_stats_init
                0x0000cb08       0x28 contiki-srf06-cc26xx.a(link-stats.o)
                0x0000cb08                link_stats_init
 .text.parse    0x0000cb30       0xa0 contiki-srf06-cc26xx.a(framer-802154.o)
 .text.create_frame.isra.0
                0x0000cbd0      0x140 contiki-srf06-cc26xx.a(framer-802154.o)
 .text.create   0x0000cd10        0x8 contiki-srf06-cc26xx.a(framer-802154.o)
 .text.hdr_length
                0x0000cd18        0x8 contiki-srf06-cc26xx.a(framer-802154.o)
 .text.input_packet
                0x0000cd20        0xc contiki-srf06-cc26xx.a(csma.o)
 .text.on       0x0000cd2c        0xc contiki-srf06-cc26xx.a(csma.o)
 .text.off      0x0000cd38        0xc contiki-srf06-cc26xx.a(csma.o)
 .text.channel_check_interval
                0x0000cd44       0x10 contiki-srf06-cc26xx.a(csma.o)
 .text.transmit_packet_list
                0x0000cd54       0x34 contiki-srf06-cc26xx.a(csma.o)
 .text.schedule_transmission
                0x0000cd88       0x58 contiki-srf06-cc26xx.a(csma.o)
 .text.send_packet
                0x0000cde0      0x154 contiki-srf06-cc26xx.a(csma.o)
 .text.init     0x0000cf34       0x24 contiki-srf06-cc26xx.a(csma.o)
 .text.tx_done  0x0000cf58       0x80 contiki-srf06-cc26xx.a(csma.o)
 .text.packet_sent
                0x0000cfd8       0xe8 contiki-srf06-cc26xx.a(csma.o)
 .text.duty_cycle
                0x0000d0c0        0x4 contiki-srf06-cc26xx.a(contikimac.o)
 .text.init     0x0000d0c4       0x40 contiki-srf06-cc26xx.a(contikimac.o)
 .text.on.part.0
                0x0000d104       0x14 contiki-srf06-cc26xx.a(contikimac.o)
 .text.off      0x0000d118       0x38 contiki-srf06-cc26xx.a(contikimac.o)
 .text.recv_burst_off
                0x0000d150       0x14 contiki-srf06-cc26xx.a(contikimac.o)
 .text.powercycle_turn_radio_off.part.2
                0x0000d164       0x10 contiki-srf06-cc26xx.a(contikimac.o)
 .text.turn_off
                0x0000d174       0x44 contiki-srf06-cc26xx.a(contikimac.o)
 .text.turn_on  0x0000d1b8       0x44 contiki-srf06-cc26xx.a(contikimac.o)
 .text.schedule_powercycle_fixed.part.5
                0x0000d1fc       0x2c contiki-srf06-cc26xx.a(contikimac.o)
 .text.input_packet
                0x0000d228       0xc4 contiki-srf06-cc26xx.a(contikimac.o)
 .text.send_packet.isra.8
                0x0000d2ec      0x23c contiki-srf06-cc26xx.a(contikimac.o)
 .text.qsend_list
                0x0000d528       0xe0 contiki-srf06-cc26xx.a(contikimac.o)
 .text.qsend_packet
                0x0000d608       0x24 contiki-srf06-cc26xx.a(contikimac.o)
 .text.powercycle_wrapper
                0x0000d62c      0x264 contiki-srf06-cc26xx.a(contikimac.o)
 .text.init     0x0000d890        0x4 contiki-srf06-cc26xx.a(nullsec.o)
 .text.input    0x0000d894        0xc contiki-srf06-cc26xx.a(nullsec.o)
 .text.send     0x0000d8a0       0x20 contiki-srf06-cc26xx.a(nullsec.o)
 .text.coap_set_option_header
                0x0000d8c0       0x90 contiki-srf06-cc26xx.a(er-coap.o)
 .text.coap_serialize_int_option
                0x0000d950       0x68 contiki-srf06-cc26xx.a(er-coap.o)
 .text.coap_merge_multi_option
                0x0000d9b8       0x34 contiki-srf06-cc26xx.a(er-coap.o)
 .text.coap_get_variable
                0x0000d9ec       0x78 contiki-srf06-cc26xx.a(er-coap.o)
 .text.coap_serialize_array_option.part.0
                0x0000da64       0x20 contiki-srf06-cc26xx.a(er-coap.o)
 .text.coap_serialize_array_option
                0x0000da84       0x94 contiki-srf06-cc26xx.a(er-coap.o)
 .text.coap_init_connection
                0x0000db18       0x28 contiki-srf06-cc26xx.a(er-coap.o)
                0x0000db18                coap_init_connection
 .text.coap_get_mid
                0x0000db40       0x10 contiki-srf06-cc26xx.a(er-coap.o)
                0x0000db40                coap_get_mid
 .text.coap_init_message
                0x0000db50       0x1c contiki-srf06-cc26xx.a(er-coap.o)
                0x0000db50                coap_init_message
 .text.coap_serialize_message
                0x0000db6c      0x31c contiki-srf06-cc26xx.a(er-coap.o)
                0x0000db6c                coap_serialize_message
 .text.coap_send_message
                0x0000de88       0x40 contiki-srf06-cc26xx.a(er-coap.o)
                0x0000de88                coap_send_message
 .text.coap_parse_message
                0x0000dec8      0x44c contiki-srf06-cc26xx.a(er-coap.o)
                0x0000dec8                coap_parse_message
 .text.coap_get_query_variable
                0x0000e314       0x24 contiki-srf06-cc26xx.a(er-coap.o)
                0x0000e314                coap_get_query_variable
 .text.coap_get_post_variable
                0x0000e338       0x20 contiki-srf06-cc26xx.a(er-coap.o)
                0x0000e338                coap_get_post_variable
 .text.coap_set_status_code
                0x0000e358        0xc contiki-srf06-cc26xx.a(er-coap.o)
                0x0000e358                coap_set_status_code
 .text.coap_set_token
                0x0000e364       0x18 contiki-srf06-cc26xx.a(er-coap.o)
                0x0000e364                coap_set_token
 .text.coap_get_header_content_format
                0x0000e37c       0x18 contiki-srf06-cc26xx.a(er-coap.o)
                0x0000e37c                coap_get_header_content_format
 .text.coap_set_header_content_format
                0x0000e394       0x10 contiki-srf06-cc26xx.a(er-coap.o)
                0x0000e394                coap_set_header_content_format
 .text.coap_get_header_accept
                0x0000e3a4       0x1c contiki-srf06-cc26xx.a(er-coap.o)
                0x0000e3a4                coap_get_header_accept
 .text.coap_get_header_max_age
                0x0000e3c0       0x10 contiki-srf06-cc26xx.a(er-coap.o)
                0x0000e3c0                coap_get_header_max_age
 .text.coap_set_header_max_age
                0x0000e3d0       0x10 contiki-srf06-cc26xx.a(er-coap.o)
                0x0000e3d0                coap_set_header_max_age
 .text.coap_set_header_etag
                0x0000e3e0       0x24 contiki-srf06-cc26xx.a(er-coap.o)
                0x0000e3e0                coap_set_header_etag
 .text.coap_get_header_if_match
                0x0000e404       0x1c contiki-srf06-cc26xx.a(er-coap.o)
                0x0000e404                coap_get_header_if_match
 .text.coap_get_header_if_none_match
                0x0000e420        0x8 contiki-srf06-cc26xx.a(er-coap.o)
                0x0000e420                coap_get_header_if_none_match
 .text.coap_get_header_uri_host
                0x0000e428       0x18 contiki-srf06-cc26xx.a(er-coap.o)
                0x0000e428                coap_get_header_uri_host
 .text.coap_get_header_uri_path
                0x0000e440       0x18 contiki-srf06-cc26xx.a(er-coap.o)
                0x0000e440                coap_get_header_uri_path
 .text.coap_set_header_uri_path
                0x0000e458       0x28 contiki-srf06-cc26xx.a(er-coap.o)
                0x0000e458                coap_set_header_uri_path
 .text.coap_get_header_uri_query
                0x0000e480       0x18 contiki-srf06-cc26xx.a(er-coap.o)
                0x0000e480                coap_get_header_uri_query
 .text.coap_set_header_location_path
                0x0000e498       0x60 contiki-srf06-cc26xx.a(er-coap.o)
                0x0000e498                coap_set_header_location_path
 .text.coap_get_header_observe
                0x0000e4f8       0x18 contiki-srf06-cc26xx.a(er-coap.o)
                0x0000e4f8                coap_get_header_observe
 .text.coap_set_header_observe
                0x0000e510       0x10 contiki-srf06-cc26xx.a(er-coap.o)
                0x0000e510                coap_set_header_observe
 .text.coap_get_header_block2
                0x0000e520       0x3c contiki-srf06-cc26xx.a(er-coap.o)
                0x0000e520                coap_get_header_block2
 .text.coap_set_header_block2
                0x0000e55c       0x38 contiki-srf06-cc26xx.a(er-coap.o)
                0x0000e55c                coap_set_header_block2
 .text.coap_get_header_size2
                0x0000e594       0x1c contiki-srf06-cc26xx.a(er-coap.o)
                0x0000e594                coap_get_header_size2
 .text.coap_set_header_size2
                0x0000e5b0       0x10 contiki-srf06-cc26xx.a(er-coap.o)
                0x0000e5b0                coap_set_header_size2
 .text.coap_get_payload
                0x0000e5c0       0x14 contiki-srf06-cc26xx.a(er-coap.o)
                0x0000e5c0                coap_get_payload
 .text.coap_set_payload
                0x0000e5d4       0x14 contiki-srf06-cc26xx.a(er-coap.o)
                0x0000e5d4                coap_set_payload
 .text.rtimer_arch_init
                0x0000e5e8        0x4 contiki-srf06-cc26xx.a(rtimer-arch.o)
                0x0000e5e8                rtimer_arch_init
 .text.rtimer_arch_schedule
                0x0000e5ec        0x8 contiki-srf06-cc26xx.a(rtimer-arch.o)
                0x0000e5ec                rtimer_arch_schedule
 .text.rtimer_arch_now
                0x0000e5f4        0x4 contiki-srf06-cc26xx.a(rtimer-arch.o)
                0x0000e5f4                rtimer_arch_now
 .text.aux_ctrl_power_up
                0x0000e5f8       0x28 contiki-srf06-cc26xx.a(aux-ctrl.o)
                0x0000e5f8                aux_ctrl_power_up
 .text.aux_ctrl_register_consumer
                0x0000e620       0x40 contiki-srf06-cc26xx.a(aux-ctrl.o)
                0x0000e620                aux_ctrl_register_consumer
 .text.aux_ctrl_power_down
                0x0000e660       0x6c contiki-srf06-cc26xx.a(aux-ctrl.o)
                0x0000e660                aux_ctrl_power_down
 .text.aux_ctrl_unregister_consumer
                0x0000e6cc       0x28 contiki-srf06-cc26xx.a(aux-ctrl.o)
                0x0000e6cc                aux_ctrl_unregister_consumer
 .text.process_thread_rf_core_process
                0x0000e6f4       0x58 contiki-srf06-cc26xx.a(rf-core.o)
 .text.rf_core_is_accessible
                0x0000e74c       0x10 contiki-srf06-cc26xx.a(rf-core.o)
                0x0000e74c                rf_core_is_accessible
 .text.rf_core_send_cmd
                0x0000e75c       0x94 contiki-srf06-cc26xx.a(rf-core.o)
                0x0000e75c                rf_core_send_cmd
 .text.rf_core_wait_cmd_done
                0x0000e7f0       0x30 contiki-srf06-cc26xx.a(rf-core.o)
                0x0000e7f0                rf_core_wait_cmd_done
 .text.rf_core_power_up
                0x0000e820       0xb4 contiki-srf06-cc26xx.a(rf-core.o)
                0x0000e820                rf_core_power_up
 .text.rf_core_start_rat
                0x0000e8d4       0x68 contiki-srf06-cc26xx.a(rf-core.o)
                0x0000e8d4                rf_core_start_rat
 .text.rf_core_stop_rat
                0x0000e93c       0x7c contiki-srf06-cc26xx.a(rf-core.o)
                0x0000e93c                rf_core_stop_rat
 .text.rf_core_power_down
                0x0000e9b8       0xec contiki-srf06-cc26xx.a(rf-core.o)
                0x0000e9b8                rf_core_power_down
 .text.rf_core_set_modesel
                0x0000eaa4       0x44 contiki-srf06-cc26xx.a(rf-core.o)
                0x0000eaa4                rf_core_set_modesel
 .text.rf_core_boot
                0x0000eae8       0x1c contiki-srf06-cc26xx.a(rf-core.o)
                0x0000eae8                rf_core_boot
 .text.rf_core_restart_rat
                0x0000eb04       0x20 contiki-srf06-cc26xx.a(rf-core.o)
                0x0000eb04                rf_core_restart_rat
 .text.rf_core_setup_interrupts
                0x0000eb24       0x74 contiki-srf06-cc26xx.a(rf-core.o)
                0x0000eb24                rf_core_setup_interrupts
 .text.rf_core_cmd_done_en
                0x0000eb98       0x28 contiki-srf06-cc26xx.a(rf-core.o)
                0x0000eb98                rf_core_cmd_done_en
 .text.rf_core_cmd_done_dis
                0x0000ebc0       0x18 contiki-srf06-cc26xx.a(rf-core.o)
                0x0000ebc0                rf_core_cmd_done_dis
 .text.rf_core_get_last_radio_op
                0x0000ebd8        0xc contiki-srf06-cc26xx.a(rf-core.o)
                0x0000ebd8                rf_core_get_last_radio_op
 .text.rf_core_init_radio_op
                0x0000ebe4       0x1c contiki-srf06-cc26xx.a(rf-core.o)
                0x0000ebe4                rf_core_init_radio_op
 .text.rf_core_primary_mode_register
                0x0000ec00        0xc contiki-srf06-cc26xx.a(rf-core.o)
                0x0000ec00                rf_core_primary_mode_register
 .text.RFCCPE1IntHandler
                0x0000ec0c       0x28 contiki-srf06-cc26xx.a(rf-core.o)
                0x0000ec0c                RFCCPE1IntHandler
 .text.RFCCPE0IntHandler
                0x0000ec34       0x5c contiki-srf06-cc26xx.a(rf-core.o)
                0x0000ec34                RFCCPE0IntHandler
 .text.rf_ble_is_active
                0x0000ec90        0xc contiki-srf06-cc26xx.a(rf-ble.o)
                0x0000ec90                rf_ble_is_active
 .text.stimer_set
                0x0000ec9c       0x10 contiki-srf06-cc26xx.a(stimer.o)
                0x0000ec9c                stimer_set
 .text.stimer_expired
                0x0000ecac       0x20 contiki-srf06-cc26xx.a(stimer.o)
                0x0000ecac                stimer_expired
 .text.echo_reply_input
                0x0000eccc       0xac contiki-srf06-cc26xx.a(uip-icmp6.o)
 .text.echo_request_input
                0x0000ed78       0xb0 contiki-srf06-cc26xx.a(uip-icmp6.o)
 .text.uip_icmp6_input
                0x0000ee28       0x3c contiki-srf06-cc26xx.a(uip-icmp6.o)
                0x0000ee28                uip_icmp6_input
 .text.uip_icmp6_register_input_handler
                0x0000ee64        0xc contiki-srf06-cc26xx.a(uip-icmp6.o)
                0x0000ee64                uip_icmp6_register_input_handler
 .text.uip_icmp6_error_output
                0x0000ee70      0x158 contiki-srf06-cc26xx.a(uip-icmp6.o)
                0x0000ee70                uip_icmp6_error_output
 .text.uip_icmp6_send
                0x0000efc8       0x80 contiki-srf06-cc26xx.a(uip-icmp6.o)
                0x0000efc8                uip_icmp6_send
 .text.uip_icmp6_init
                0x0000f048       0x24 contiki-srf06-cc26xx.a(uip-icmp6.o)
                0x0000f048                uip_icmp6_init
 .text.update_nbr
                0x0000f06c      0x110 contiki-srf06-cc26xx.a(rpl-nbr-policy.)
 .text.handle_periodic_timer
                0x0000f17c       0x14 contiki-srf06-cc26xx.a(rpl-nbr-policy.)
 .text.find_removable_dio
                0x0000f190       0x40 contiki-srf06-cc26xx.a(rpl-nbr-policy.)
                0x0000f190                find_removable_dio
 .text.rpl_nbr_policy_find_removable
                0x0000f1d0       0x64 contiki-srf06-cc26xx.a(rpl-nbr-policy.)
                0x0000f1d0                rpl_nbr_policy_find_removable
 .text.new_dio_interval
                0x0000f234       0x5c contiki-srf06-cc26xx.a(rpl-timers.o)
 .text.handle_periodic_timer
                0x0000f290       0x58 contiki-srf06-cc26xx.a(rpl-timers.o)
 .text.set_dao_lifetime_timer
                0x0000f2e8       0x50 contiki-srf06-cc26xx.a(rpl-timers.o)
 .text.handle_unicast_dio_timer
                0x0000f338       0x1c contiki-srf06-cc26xx.a(rpl-timers.o)
 .text.handle_dio_timer
                0x0000f354       0x8c contiki-srf06-cc26xx.a(rpl-timers.o)
 .text.schedule_dao
                0x0000f3e0       0x54 contiki-srf06-cc26xx.a(rpl-timers.o)
 .text.handle_dao_timer
                0x0000f434       0x5c contiki-srf06-cc26xx.a(rpl-timers.o)
 .text.rpl_reset_periodic_timer
                0x0000f490       0x3c contiki-srf06-cc26xx.a(rpl-timers.o)
                0x0000f490                rpl_reset_periodic_timer
 .text.rpl_reset_dio_timer
                0x0000f4cc       0x1c contiki-srf06-cc26xx.a(rpl-timers.o)
                0x0000f4cc                rpl_reset_dio_timer
 .text.rpl_schedule_dao
                0x0000f4e8        0x8 contiki-srf06-cc26xx.a(rpl-timers.o)
                0x0000f4e8                rpl_schedule_dao
 .text.rpl_schedule_unicast_dio_immediately
                0x0000f4f0       0x10 contiki-srf06-cc26xx.a(rpl-timers.o)
                0x0000f4f0                rpl_schedule_unicast_dio_immediately
 .text.get_probing_delay
                0x0000f500       0x4c contiki-srf06-cc26xx.a(rpl-timers.o)
                0x0000f500                get_probing_delay
 .text.get_probing_target
                0x0000f54c       0xe4 contiki-srf06-cc26xx.a(rpl-timers.o)
                0x0000f54c                get_probing_target
 .text.rpl_schedule_probing
                0x0000f630       0x20 contiki-srf06-cc26xx.a(rpl-timers.o)
                0x0000f630                rpl_schedule_probing
 .text.handle_probing_timer
                0x0000f650       0x34 contiki-srf06-cc26xx.a(rpl-timers.o)
 .text.reset    0x0000f684        0x4 contiki-srf06-cc26xx.a(rpl-mrhof.o)
 .text.update_metric_container
                0x0000f688        0x8 contiki-srf06-cc26xx.a(rpl-mrhof.o)
 .text.parent_link_metric
                0x0000f690       0x14 contiki-srf06-cc26xx.a(rpl-mrhof.o)
 .text.parent_has_usable_link
                0x0000f6a4       0x18 contiki-srf06-cc26xx.a(rpl-mrhof.o)
 .text.best_dag
                0x0000f6bc       0x2c contiki-srf06-cc26xx.a(rpl-mrhof.o)
 .text.parent_path_cost
                0x0000f6e8       0x4c contiki-srf06-cc26xx.a(rpl-mrhof.o)
 .text.parent_is_acceptable
                0x0000f734       0x34 contiki-srf06-cc26xx.a(rpl-mrhof.o)
 .text.rank_via_parent
                0x0000f768       0x3c contiki-srf06-cc26xx.a(rpl-mrhof.o)
 .text.best_parent
                0x0000f7a4       0x68 contiki-srf06-cc26xx.a(rpl-mrhof.o)
 .text.NOROM_AONBatMonTemperatureGetDegC
                0x0000f80c       0x30 contiki-srf06-cc26xx.a(aon_batmon.o)
                0x0000f80c                NOROM_AONBatMonTemperatureGetDegC
 .text.mac_sequence_is_duplicate
                0x0000f83c       0x4c contiki-srf06-cc26xx.a(mac-sequence.o)
                0x0000f83c                mac_sequence_is_duplicate
 .text.mac_sequence_register_seqno
                0x0000f888       0x74 contiki-srf06-cc26xx.a(mac-sequence.o)
                0x0000f888                mac_sequence_register_seqno
 .text.frame802154_get_pan_id
                0x0000f8fc        0xc contiki-srf06-cc26xx.a(frame802154.o)
                0x0000f8fc                frame802154_get_pan_id
 .text.frame802154_has_panid
                0x0000f908       0x64 contiki-srf06-cc26xx.a(frame802154.o)
                0x0000f908                frame802154_has_panid
 .text.field_len
                0x0000f96c       0x88 contiki-srf06-cc26xx.a(frame802154.o)
 .text.frame802154_is_broadcast_addr
                0x0000f9f4       0x20 contiki-srf06-cc26xx.a(frame802154.o)
                0x0000f9f4                frame802154_is_broadcast_addr
 .text.frame802154_hdrlen
                0x0000fa14       0x34 contiki-srf06-cc26xx.a(frame802154.o)
                0x0000fa14                frame802154_hdrlen
 .text.frame802154_create
                0x0000fa48      0x124 contiki-srf06-cc26xx.a(frame802154.o)
                0x0000fa48                frame802154_create
 .text.frame802154_parse
                0x0000fb6c      0x17c contiki-srf06-cc26xx.a(frame802154.o)
                0x0000fb6c                frame802154_parse
 .text.mac_call_sent_callback
                0x0000fce8       0x18 contiki-srf06-cc26xx.a(mac.o)
                0x0000fce8                mac_call_sent_callback
 .text.pow      0x0000fd00      0x330 /opt/gcc-arm-none-eabi-5_4-2016q2/bin/../lib/gcc/arm-none-eabi/5.4.1/../../../../arm-none-eabi/lib/armv7-m/libm.a(lib_a-w_pow.o)
                0x0000fd00                pow
 .text.__ieee754_sqrt
                0x00010030      0x188 /opt/gcc-arm-none-eabi-5_4-2016q2/bin/../lib/gcc/arm-none-eabi/5.4.1/../../../../arm-none-eabi/lib/armv7-m/libm.a(lib_a-e_sqrt.o)
                0x00010030                __ieee754_sqrt
 .text.fabs     0x000101b8        0x8 /opt/gcc-arm-none-eabi-5_4-2016q2/bin/../lib/gcc/arm-none-eabi/5.4.1/../../../../arm-none-eabi/lib/armv7-m/libm.a(lib_a-s_fabs.o)
                0x000101b8                fabs
 .text.finite   0x000101c0        0xc /opt/gcc-arm-none-eabi-5_4-2016q2/bin/../lib/gcc/arm-none-eabi/5.4.1/../../../../arm-none-eabi/lib/armv7-m/libm.a(lib_a-s_finite.o)
                0x000101c0                finite
 .text.matherr  0x000101cc        0x4 /opt/gcc-arm-none-eabi-5_4-2016q2/bin/../lib/gcc/arm-none-eabi/5.4.1/../../../../arm-none-eabi/lib/armv7-m/libm.a(lib_a-s_matherr.o)
                0x000101cc                matherr
 .text.nan      0x000101d0        0xc /opt/gcc-arm-none-eabi-5_4-2016q2/bin/../lib/gcc/arm-none-eabi/5.4.1/../../../../arm-none-eabi/lib/armv7-m/libm.a(lib_a-s_nan.o)
                0x000101d0                nan
 .text.rint     0x000101dc      0x120 /opt/gcc-arm-none-eabi-5_4-2016q2/bin/../lib/gcc/arm-none-eabi/5.4.1/../../../../arm-none-eabi/lib/armv7-m/libm.a(lib_a-s_rint.o)
                0x000101dc                rint
 .text.copysign
                0x000102fc       0x10 /opt/gcc-arm-none-eabi-5_4-2016q2/bin/../lib/gcc/arm-none-eabi/5.4.1/../../../../arm-none-eabi/lib/armv7-m/libm.a(lib_a-s_copysign.o)
                0x000102fc                copysign
 .text          0x0001030c      0x370 /opt/gcc-arm-none-eabi-5_4-2016q2/bin/../lib/gcc/arm-none-eabi/5.4.1/armv7-m/libgcc.a(_arm_addsubdf3.o)
                0x0001030c                __aeabi_drsub
                0x00010314                __aeabi_dsub
                0x00010314                __subdf3
                0x00010318                __adddf3
                0x00010318                __aeabi_dadd
                0x00010590                __aeabi_ui2d
                0x00010590                __floatunsidf
                0x000105b0                __floatsidf
                0x000105b0                __aeabi_i2d
                0x000105d4                __extendsfdf2
                0x000105d4                __aeabi_f2d
                0x00010610                __aeabi_ul2d
                0x00010610                __floatundidf
                0x00010620                __floatdidf
                0x00010620                __aeabi_l2d
 .text          0x0001067c      0x424 /opt/gcc-arm-none-eabi-5_4-2016q2/bin/../lib/gcc/arm-none-eabi/5.4.1/armv7-m/libgcc.a(_arm_muldivdf3.o)
                0x0001067c                __aeabi_dmul
                0x0001067c                __muldf3
                0x000108d0                __aeabi_ddiv
                0x000108d0                __divdf3
 .text          0x00010aa0      0x110 /opt/gcc-arm-none-eabi-5_4-2016q2/bin/../lib/gcc/arm-none-eabi/5.4.1/armv7-m/libgcc.a(_arm_cmpdf2.o)
                0x00010aa0                __gtdf2
                0x00010aa0                __gedf2
                0x00010aa8                __ltdf2
                0x00010aa8                __ledf2
                0x00010ab0                __cmpdf2
                0x00010ab0                __eqdf2
                0x00010ab0                __nedf2
                0x00010b2c                __aeabi_cdrcmple
                0x00010b3c                __aeabi_cdcmple
                0x00010b3c                __aeabi_cdcmpeq
                0x00010b4c                __aeabi_dcmpeq
                0x00010b60                __aeabi_dcmplt
                0x00010b74                __aeabi_dcmple
                0x00010b88                __aeabi_dcmpge
                0x00010b9c                __aeabi_dcmpgt
 .text          0x00010bb0       0x2c /opt/gcc-arm-none-eabi-5_4-2016q2/bin/../lib/gcc/arm-none-eabi/5.4.1/armv7-m/libgcc.a(_arm_unorddf2.o)
                0x00010bb0                __aeabi_dcmpun
                0x00010bb0                __unorddf2
 .text          0x00010bdc       0x40 /opt/gcc-arm-none-eabi-5_4-2016q2/bin/../lib/gcc/arm-none-eabi/5.4.1/armv7-m/libgcc.a(_arm_fixunsdfsi.o)
                0x00010bdc                __fixunsdfsi
                0x00010bdc                __aeabi_d2uiz
 .text          0x00010c1c       0x30 /opt/gcc-arm-none-eabi-5_4-2016q2/bin/../lib/gcc/arm-none-eabi/5.4.1/armv7-m/libgcc.a(_aeabi_uldivmod.o)
                0x00010c1c                __aeabi_uldivmod
 .text          0x00010c4c      0x2ec /opt/gcc-arm-none-eabi-5_4-2016q2/bin/../lib/gcc/arm-none-eabi/5.4.1/armv7-m/libgcc.a(_udivmoddi4.o)
                0x00010c4c                __udivmoddi4
 .text          0x00010f38        0x4 /opt/gcc-arm-none-eabi-5_4-2016q2/bin/../lib/gcc/arm-none-eabi/5.4.1/armv7-m/libgcc.a(_dvmd_tls.o)
                0x00010f38                __aeabi_ldiv0
                0x00010f38                __aeabi_idiv0
 .text.atoi     0x00010f3c        0x8 /opt/gcc-arm-none-eabi-5_4-2016q2/bin/../lib/gcc/arm-none-eabi/5.4.1/../../../../arm-none-eabi/lib/armv7-m/libc.a(lib_a-atoi.o)
                0x00010f3c                atoi
 .text.__errno  0x00010f44        0xc /opt/gcc-arm-none-eabi-5_4-2016q2/bin/../lib/gcc/arm-none-eabi/5.4.1/../../../../arm-none-eabi/lib/armv7-m/libc.a(lib_a-errno.o)
                0x00010f44                __errno
 .text.memchr   0x00010f50       0x8c /opt/gcc-arm-none-eabi-5_4-2016q2/bin/../lib/gcc/arm-none-eabi/5.4.1/../../../../arm-none-eabi/lib/armv7-m/libc.a(lib_a-memchr-stub.o)
                0x00010f50                memchr
 .text.memcmp   0x00010fdc       0x64 /opt/gcc-arm-none-eabi-5_4-2016q2/bin/../lib/gcc/arm-none-eabi/5.4.1/../../../../arm-none-eabi/lib/armv7-m/libc.a(lib_a-memcmp.o)
                0x00010fdc                memcmp
 .text          0x00011040       0xec /opt/gcc-arm-none-eabi-5_4-2016q2/bin/../lib/gcc/arm-none-eabi/5.4.1/../../../../arm-none-eabi/lib/armv7-m/libc.a(lib_a-memcpy.o)
                0x00011040                memcpy
 .text.memmove  0x0001112c       0xc8 /opt/gcc-arm-none-eabi-5_4-2016q2/bin/../lib/gcc/arm-none-eabi/5.4.1/../../../../arm-none-eabi/lib/armv7-m/libc.a(lib_a-memmove.o)
                0x0001112c                memmove
 .text.memset   0x000111f4       0x9c /opt/gcc-arm-none-eabi-5_4-2016q2/bin/../lib/gcc/arm-none-eabi/5.4.1/../../../../arm-none-eabi/lib/armv7-m/libc.a(lib_a-memset.o)
                0x000111f4                memset
 .text.strchr   0x00011290       0xd0 /opt/gcc-arm-none-eabi-5_4-2016q2/bin/../lib/gcc/arm-none-eabi/5.4.1/../../../../arm-none-eabi/lib/armv7-m/libc.a(lib_a-strchr.o)
                0x00011290                strchr
 .text.strcpy   0x00011360       0xbc /opt/gcc-arm-none-eabi-5_4-2016q2/bin/../lib/gcc/arm-none-eabi/5.4.1/../../../../arm-none-eabi/lib/armv7-m/libc.a(lib_a-strcpy.o)
                0x00011360                strcpy
 .text.strlen   0x0001141c       0x5c /opt/gcc-arm-none-eabi-5_4-2016q2/bin/../lib/gcc/arm-none-eabi/5.4.1/../../../../arm-none-eabi/lib/armv7-m/libc.a(lib_a-strlen-stub.o)
                0x0001141c                strlen
 .text.strncmp  0x00011478       0x9c /opt/gcc-arm-none-eabi-5_4-2016q2/bin/../lib/gcc/arm-none-eabi/5.4.1/../../../../arm-none-eabi/lib/armv7-m/libc.a(lib_a-strncmp.o)
                0x00011478                strncmp
 .text.strncpy  0x00011514       0x68 /opt/gcc-arm-none-eabi-5_4-2016q2/bin/../lib/gcc/arm-none-eabi/5.4.1/../../../../arm-none-eabi/lib/armv7-m/libc.a(lib_a-strncpy.o)
                0x00011514                strncpy
 .text.critical_factorization
                0x0001157c       0xb8 /opt/gcc-arm-none-eabi-5_4-2016q2/bin/../lib/gcc/arm-none-eabi/5.4.1/../../../../arm-none-eabi/lib/armv7-m/libc.a(lib_a-strstr.o)
 .text.two_way_long_needle
                0x00011634      0x200 /opt/gcc-arm-none-eabi-5_4-2016q2/bin/../lib/gcc/arm-none-eabi/5.4.1/../../../../arm-none-eabi/lib/armv7-m/libc.a(lib_a-strstr.o)
 .text.strstr   0x00011834      0x220 /opt/gcc-arm-none-eabi-5_4-2016q2/bin/../lib/gcc/arm-none-eabi/5.4.1/../../../../arm-none-eabi/lib/armv7-m/libc.a(lib_a-strstr.o)
                0x00011834                strstr
 .text._strtol_r
                0x00011a54      0x128 /opt/gcc-arm-none-eabi-5_4-2016q2/bin/../lib/gcc/arm-none-eabi/5.4.1/../../../../arm-none-eabi/lib/armv7-m/libc.a(lib_a-strtol.o)